<html>
<body>
<pre>
<h1>µVision Build Log</h1>
<h2>Project:</h2>
C:\work dir\fsm_software\demo_10th_noOs\USER\LED.uvproj
Project File Date:  11/25/2015

<h2>Output:</h2>
Rebuild target 'Target 1'
compiling main_interface.c...
compiling stm32f10x_it.c...
compiling system_stm32f10x.c...
compiling eventQueue.c...
compiling uart_intf.c...
compiling Timer_intf.c...
compiling App_LongShortKey.c...
compiling led.c...
compiling key.c...
compiling lcd.c...
compiling timer.c...
compiling delay.c...
compiling sys.c...
compiling usart.c...
..\SYSTEM\usart\usart.c(410): warning:  #177-D: function "test" was declared but never referenced
compiling core_cm3.c...
assembling startup_stm32f10x_hd.s...
compiling stm32f10x_gpio.c...
compiling stm32f10x_rcc.c...
compiling stm32f10x_usart.c...
compiling misc.c...
compiling stm32f10x_tim.c...
linking...
Program Size: Code=3652 RO-data=336 RW-data=108 ZI-data=1684  
FromELF: creating hex file...
"..\OBJ\LED.axf" - 0 Errors, 1 Warning(s).
Build target 'Target 1'
linking...
Program Size: Code=3652 RO-data=336 RW-data=108 ZI-data=1684  
FromELF: creating hex file...
"..\OBJ\LED.axf" - 0 Errors, 0 Warning(s).
Load "..\\OBJ\\LED.axf" 
Set JLink Project File to "C:\work dir\fsm_software\demo_10th_noOs\USER\JLinkSettings.ini"
* JLink Info: Device "STM32F103RC" selected (256 KB flash, 48 KB RAM).
 
JLink info:
------------
DLL: V4.68a, compiled Apr 12 2013 13:26:50
Firmware: J-Link ARM V8 compiled Nov 14 2012 22:34:52
Hardware: V8.00
S/N : 304423265 
Feature(s) : RDI,FlashDL,FlashBP,JFlash,GDBFULL 
 
* JLink Info: Found SWD-DP with ID 0x1BA01477
* JLink Info: Found SWD-DP with ID 0x1BA01477
* JLink Info: TPIU fitted.
* JLink Info: FPUnit: 6 code (BP) slots and 2 literal slots
* JLink Info: Found Cortex-M3 r1p1, Little endian.
ROMTableAddr = 0xE00FF003
 
Target info:
------------
Device: STM32F103RC
VTarget = 3.319V
State of Pins: 
TCK: 0, TDI: 1, TDO: 1, TMS: 1, TRES: 1, TRST: 1
Hardware-Breakpoints: 6
Software-Breakpoints: 8192
Watchpoints:          4
JTAG speed: 4000 kHz
 
Full Chip Erase Done.
Programming Done.
Verify OK.
Application running ...
Build target 'Target 1'
compiling main_interface.c...
linking...
Program Size: Code=4104 RO-data=336 RW-data=124 ZI-data=1684  
FromELF: creating hex file...
"..\OBJ\LED.axf" - 0 Errors, 0 Warning(s).
Load "..\\OBJ\\LED.axf" 
Set JLink Project File to "C:\work dir\fsm_software\demo_10th_noOs\USER\JLinkSettings.ini"
* JLink Info: Device "STM32F103RC" selected (256 KB flash, 48 KB RAM).
 
JLink info:
------------
DLL: V4.68a, compiled Apr 12 2013 13:26:50
Firmware: J-Link ARM V8 compiled Nov 14 2012 22:34:52
Hardware: V8.00
S/N : 304423265 
Feature(s) : RDI,FlashDL,FlashBP,JFlash,GDBFULL 
 
* JLink Info: Found SWD-DP with ID 0x1BA01477
* JLink Info: Found SWD-DP with ID 0x1BA01477
* JLink Info: TPIU fitted.
* JLink Info: FPUnit: 6 code (BP) slots and 2 literal slots
* JLink Info: Found Cortex-M3 r1p1, Little endian.
ROMTableAddr = 0xE00FF003
 
Target info:
------------
Device: STM32F103RC
VTarget = 3.319V
State of Pins: 
TCK: 0, TDI: 1, TDO: 1, TMS: 1, TRES: 1, TRST: 1
Hardware-Breakpoints: 6
Software-Breakpoints: 8192
Watchpoints:          4
JTAG speed: 4000 kHz
 
Full Chip Erase Done.
Programming Done.
Verify OK.
Application running ...
Build target 'Target 1'
compiling main_interface.c...
linking...
Program Size: Code=4416 RO-data=336 RW-data=124 ZI-data=1684  
FromELF: creating hex file...
"..\OBJ\LED.axf" - 0 Errors, 0 Warning(s).
Load "..\\OBJ\\LED.axf" 
Set JLink Project File to "C:\work dir\fsm_software\demo_10th_noOs\USER\JLinkSettings.ini"
* JLink Info: Device "STM32F103RC" selected (256 KB flash, 48 KB RAM).
 
JLink info:
------------
DLL: V4.68a, compiled Apr 12 2013 13:26:50
Firmware: J-Link ARM V8 compiled Nov 14 2012 22:34:52
Hardware: V8.00
S/N : 304423265 
Feature(s) : RDI,FlashDL,FlashBP,JFlash,GDBFULL 
 
* JLink Info: Found SWD-DP with ID 0x1BA01477
* JLink Info: Found SWD-DP with ID 0x1BA01477
* JLink Info: TPIU fitted.
* JLink Info: FPUnit: 6 code (BP) slots and 2 literal slots
* JLink Info: Found Cortex-M3 r1p1, Little endian.
ROMTableAddr = 0xE00FF003
 
Target info:
------------
Device: STM32F103RC
VTarget = 3.319V
State of Pins: 
TCK: 0, TDI: 1, TDO: 1, TMS: 1, TRES: 1, TRST: 1
Hardware-Breakpoints: 6
Software-Breakpoints: 8192
Watchpoints:          4
JTAG speed: 4000 kHz
 
Full Chip Erase Done.
Programming Done.
Verify OK.
Application running ...
Build target 'Target 1'
compiling main_interface.c...
linking...
Program Size: Code=4472 RO-data=336 RW-data=124 ZI-data=1684  
FromELF: creating hex file...
"..\OBJ\LED.axf" - 0 Errors, 0 Warning(s).
Load "..\\OBJ\\LED.axf" 
Set JLink Project File to "C:\work dir\fsm_software\demo_10th_noOs\USER\JLinkSettings.ini"
* JLink Info: Device "STM32F103RC" selected (256 KB flash, 48 KB RAM).
 
JLink info:
------------
DLL: V4.68a, compiled Apr 12 2013 13:26:50
Firmware: J-Link ARM V8 compiled Nov 14 2012 22:34:52
Hardware: V8.00
S/N : 304423265 
Feature(s) : RDI,FlashDL,FlashBP,JFlash,GDBFULL 
 
* JLink Info: Found SWD-DP with ID 0x1BA01477
* JLink Info: Found SWD-DP with ID 0x1BA01477
* JLink Info: TPIU fitted.
* JLink Info: FPUnit: 6 code (BP) slots and 2 literal slots
* JLink Info: Found Cortex-M3 r1p1, Little endian.
ROMTableAddr = 0xE00FF003
 
Target info:
------------
Device: STM32F103RC
VTarget = 3.319V
State of Pins: 
TCK: 0, TDI: 1, TDO: 1, TMS: 1, TRES: 1, TRST: 1
Hardware-Breakpoints: 6
Software-Breakpoints: 8192
Watchpoints:          4
JTAG speed: 4000 kHz
 
Full Chip Erase Done.
Programming Done.
Verify OK.
Application running ...
Build target 'Target 1'
compiling App_LongShortKey.c...
linking...
Program Size: Code=4476 RO-data=336 RW-data=124 ZI-data=1684  
FromELF: creating hex file...
"..\OBJ\LED.axf" - 0 Errors, 0 Warning(s).
Load "..\\OBJ\\LED.axf" 
Set JLink Project File to "C:\work dir\fsm_software\demo_10th_noOs\USER\JLinkSettings.ini"
* JLink Info: Device "STM32F103RC" selected (256 KB flash, 48 KB RAM).
 
JLink info:
------------
DLL: V4.68a, compiled Apr 12 2013 13:26:50
Firmware: J-Link ARM V8 compiled Nov 14 2012 22:34:52
Hardware: V8.00
S/N : 304423265 
Feature(s) : RDI,FlashDL,FlashBP,JFlash,GDBFULL 
 
* JLink Info: Found SWD-DP with ID 0x1BA01477
* JLink Info: Found SWD-DP with ID 0x1BA01477
* JLink Info: TPIU fitted.
* JLink Info: FPUnit: 6 code (BP) slots and 2 literal slots
* JLink Info: Found Cortex-M3 r1p1, Little endian.
ROMTableAddr = 0xE00FF003
 
Target info:
------------
Device: STM32F103RC
VTarget = 3.319V
State of Pins: 
TCK: 0, TDI: 1, TDO: 1, TMS: 1, TRES: 1, TRST: 1
Hardware-Breakpoints: 6
Software-Breakpoints: 8192
Watchpoints:          4
JTAG speed: 4000 kHz
 
Full Chip Erase Done.
Programming Done.
Verify OK.
Application running ...
Build target 'Target 1'
compiling main_interface.c...
linking...
Program Size: Code=4216 RO-data=336 RW-data=124 ZI-data=1684  
FromELF: creating hex file...
"..\OBJ\LED.axf" - 0 Errors, 0 Warning(s).
Load "..\\OBJ\\LED.axf" 
Set JLink Project File to "C:\work dir\fsm_software\demo_10th_noOs\USER\JLinkSettings.ini"
* JLink Info: Device "STM32F103RC" selected (256 KB flash, 48 KB RAM).
 
JLink info:
------------
DLL: V4.68a, compiled Apr 12 2013 13:26:50
Firmware: J-Link ARM V8 compiled Nov 14 2012 22:34:52
Hardware: V8.00
S/N : 304423265 
Feature(s) : RDI,FlashDL,FlashBP,JFlash,GDBFULL 
 
* JLink Info: Found SWD-DP with ID 0x1BA01477
* JLink Info: Found SWD-DP with ID 0x1BA01477
* JLink Info: TPIU fitted.
* JLink Info: FPUnit: 6 code (BP) slots and 2 literal slots
* JLink Info: Found Cortex-M3 r1p1, Little endian.
ROMTableAddr = 0xE00FF003
 
Target info:
------------
Device: STM32F103RC
VTarget = 3.319V
State of Pins: 
TCK: 0, TDI: 1, TDO: 1, TMS: 1, TRES: 1, TRST: 1
Hardware-Breakpoints: 6
Software-Breakpoints: 8192
Watchpoints:          4
JTAG speed: 4000 kHz
 
Full Chip Erase Done.
Programming Done.
Verify OK.
Application running ...
Build target 'Target 1'
compiling main_interface.c...
compiling App_LongShortKey.c...
..\APP\App_LongShortKey.c(121): error:  #167: argument of type "event_t" is incompatible with parameter of type "event_t *"
..\APP\App_LongShortKey.c(125): error:  #65: expected a ";"
..\APP\App_LongShortKey.c(135): error:  #167: argument of type "event_t" is incompatible with parameter of type "event_t *"
..\APP\App_LongShortKey.c(139): error:  #65: expected a ";"
..\APP\App_LongShortKey.c(159): error:  #167: argument of type "event_t" is incompatible with parameter of type "event_t *"
..\APP\App_LongShortKey.c(163): error:  #65: expected a ";"
..\APP\App_LongShortKey.c(174): warning:  #223-D: function "printf" declared implicitly
..\APP\App_LongShortKey.c(174): error:  #44: expression must have pointer type
"..\OBJ\LED.axf" - 7 Errors, 1 Warning(s).
Target not created
Build target 'Target 1'
compiling App_LongShortKey.c...
..\APP\App_LongShortKey.c(121): error:  #167: argument of type "event_t" is incompatible with parameter of type "event_t *"
..\APP\App_LongShortKey.c(135): error:  #167: argument of type "event_t" is incompatible with parameter of type "event_t *"
..\APP\App_LongShortKey.c(139): error:  #65: expected a ";"
..\APP\App_LongShortKey.c(159): error:  #167: argument of type "event_t" is incompatible with parameter of type "event_t *"
..\APP\App_LongShortKey.c(163): error:  #65: expected a ";"
..\APP\App_LongShortKey.c(174): warning:  #223-D: function "printf" declared implicitly
..\APP\App_LongShortKey.c(174): error:  #44: expression must have pointer type
"..\OBJ\LED.axf" - 6 Errors, 1 Warning(s).
Target not created
Build target 'Target 1'
compiling App_LongShortKey.c...
..\APP\App_LongShortKey.c(121): error:  #167: argument of type "event_t" is incompatible with parameter of type "event_t *"
..\APP\App_LongShortKey.c(135): error:  #167: argument of type "event_t" is incompatible with parameter of type "event_t *"
..\APP\App_LongShortKey.c(139): error:  #65: expected a ";"
..\APP\App_LongShortKey.c(159): error:  #167: argument of type "event_t" is incompatible with parameter of type "event_t *"
..\APP\App_LongShortKey.c(174): warning:  #223-D: function "printf" declared implicitly
..\APP\App_LongShortKey.c(174): error:  #44: expression must have pointer type
"..\OBJ\LED.axf" - 5 Errors, 1 Warning(s).
Target not created
Build target 'Target 1'
compiling App_LongShortKey.c...
..\APP\App_LongShortKey.c(139): error:  #65: expected a ";"
..\APP\App_LongShortKey.c(174): warning:  #223-D: function "printf" declared implicitly
..\APP\App_LongShortKey.c(174): error:  #44: expression must have pointer type
"..\OBJ\LED.axf" - 2 Errors, 1 Warning(s).
Target not created
Build target 'Target 1'
compiling App_LongShortKey.c...
..\APP\App_LongShortKey.c(174): warning:  #223-D: function "printf" declared implicitly
..\APP\App_LongShortKey.c(174): error:  #44: expression must have pointer type
"..\OBJ\LED.axf" - 1 Errors, 1 Warning(s).
Target not created
Build target 'Target 1'
compiling App_LongShortKey.c...
..\APP\App_LongShortKey.c(174): warning:  #223-D: function "printf" declared implicitly
..\APP\App_LongShortKey.c(174): error:  #44: expression must have pointer type
"..\OBJ\LED.axf" - 1 Errors, 1 Warning(s).
Target not created
Build target 'Target 1'
compiling App_LongShortKey.c...
..\APP\App_LongShortKey.c(174): warning:  #223-D: function "printf" declared implicitly
..\APP\App_LongShortKey.c(174): error:  #44: expression must have pointer type
"..\OBJ\LED.axf" - 1 Errors, 1 Warning(s).
Target not created
Build target 'Target 1'
compiling App_LongShortKey.c...
..\APP\App_LongShortKey.c(174): warning:  #223-D: function "printf" declared implicitly
..\APP\App_LongShortKey.c(174): error:  #44: expression must have pointer type
"..\OBJ\LED.axf" - 1 Errors, 1 Warning(s).
Target not created
Build target 'Target 1'
compiling App_LongShortKey.c...
..\APP\App_LongShortKey.c(174): error:  #44: expression must have pointer type
"..\OBJ\LED.axf" - 1 Errors, 0 Warning(s).
Target not created
Build target 'Target 1'
compiling App_LongShortKey.c...
..\APP\App_LongShortKey.c(174): error:  #171: invalid type conversion
"..\OBJ\LED.axf" - 1 Errors, 0 Warning(s).
Target not created
Build target 'Target 1'
compiling App_LongShortKey.c...
..\APP\App_LongShortKey.c(174): error:  #144: a value of type "void" cannot be used to initialize an entity of type "uint8_t"
"..\OBJ\LED.axf" - 1 Errors, 0 Warning(s).
Target not created
Build target 'Target 1'
compiling App_LongShortKey.c...
linking...
Program Size: Code=3720 RO-data=336 RW-data=140 ZI-data=1684  
FromELF: creating hex file...
"..\OBJ\LED.axf" - 0 Errors, 0 Warning(s).
Build target 'Target 1'
compiling App_LongShortKey.c...
..\APP\App_LongShortKey.c(177): warning:  #223-D: function "printf" declared implicitly
linking...
Program Size: Code=4056 RO-data=336 RW-data=140 ZI-data=1684  
FromELF: creating hex file...
"..\OBJ\LED.axf" - 0 Errors, 1 Warning(s).
Load "..\\OBJ\\LED.axf" 
Set JLink Project File to "C:\work dir\fsm_software\demo_10th_noOs\USER\JLinkSettings.ini"
* JLink Info: Device "STM32F103RC" selected (256 KB flash, 48 KB RAM).
 
JLink info:
------------
DLL: V4.68a, compiled Apr 12 2013 13:26:50
Firmware: J-Link ARM V8 compiled Nov 14 2012 22:34:52
Hardware: V8.00
S/N : 304423265 
Feature(s) : RDI,FlashDL,FlashBP,JFlash,GDBFULL 
 
* JLink Info: Found SWD-DP with ID 0x1BA01477
* JLink Info: Found SWD-DP with ID 0x1BA01477
* JLink Info: TPIU fitted.
* JLink Info: FPUnit: 6 code (BP) slots and 2 literal slots
* JLink Info: Found Cortex-M3 r1p1, Little endian.
ROMTableAddr = 0xE00FF003
 
Target info:
------------
Device: STM32F103RC
VTarget = 3.319V
State of Pins: 
TCK: 0, TDI: 1, TDO: 1, TMS: 1, TRES: 1, TRST: 1
Hardware-Breakpoints: 6
Software-Breakpoints: 8192
Watchpoints:          4
JTAG speed: 4000 kHz
 
Full Chip Erase Done.
Programming Done.
Verify OK.
Application running ...
Build target 'Target 1'
compiling main_interface.c...
compiling App_LongShortKey.c...
..\APP\App_LongShortKey.c(181): warning:  #223-D: function "printf" declared implicitly
linking...
Program Size: Code=4340 RO-data=336 RW-data=140 ZI-data=1684  
FromELF: creating hex file...
"..\OBJ\LED.axf" - 0 Errors, 1 Warning(s).
Load "..\\OBJ\\LED.axf" 
Set JLink Project File to "C:\work dir\fsm_software\demo_10th_noOs\USER\JLinkSettings.ini"
* JLink Info: Device "STM32F103RC" selected (256 KB flash, 48 KB RAM).
 
JLink info:
------------
DLL: V4.68a, compiled Apr 12 2013 13:26:50
Firmware: J-Link ARM V8 compiled Nov 14 2012 22:34:52
Hardware: V8.00
S/N : 304423265 
Feature(s) : RDI,FlashDL,FlashBP,JFlash,GDBFULL 
 
* JLink Info: Found SWD-DP with ID 0x1BA01477
* JLink Info: Found SWD-DP with ID 0x1BA01477
* JLink Info: TPIU fitted.
* JLink Info: FPUnit: 6 code (BP) slots and 2 literal slots
* JLink Info: Found Cortex-M3 r1p1, Little endian.
ROMTableAddr = 0xE00FF003
 
Target info:
------------
Device: STM32F103RC
VTarget = 3.319V
State of Pins: 
TCK: 0, TDI: 1, TDO: 1, TMS: 1, TRES: 1, TRST: 1
Hardware-Breakpoints: 6
Software-Breakpoints: 8192
Watchpoints:          4
JTAG speed: 4000 kHz
 
Full Chip Erase Done.
Programming Done.
Verify OK.
Application running ...
Build target 'Target 1'
compiling App_LongShortKey.c...
linking...
Program Size: Code=4340 RO-data=336 RW-data=140 ZI-data=1684  
FromELF: creating hex file...
"..\OBJ\LED.axf" - 0 Errors, 0 Warning(s).
Load "..\\OBJ\\LED.axf" 
Set JLink Project File to "C:\work dir\fsm_software\demo_10th_noOs\USER\JLinkSettings.ini"
* JLink Info: Device "STM32F103RC" selected (256 KB flash, 48 KB RAM).
 
JLink info:
------------
DLL: V4.68a, compiled Apr 12 2013 13:26:50
Firmware: J-Link ARM V8 compiled Nov 14 2012 22:34:52
Hardware: V8.00
S/N : 304423265 
Feature(s) : RDI,FlashDL,FlashBP,JFlash,GDBFULL 
 
* JLink Info: Found SWD-DP with ID 0x1BA01477
* JLink Info: Found SWD-DP with ID 0x1BA01477
* JLink Info: TPIU fitted.
* JLink Info: FPUnit: 6 code (BP) slots and 2 literal slots
* JLink Info: Found Cortex-M3 r1p1, Little endian.
ROMTableAddr = 0xE00FF003
 
Target info:
------------
Device: STM32F103RC
VTarget = 3.319V
State of Pins: 
TCK: 0, TDI: 1, TDO: 1, TMS: 1, TRES: 1, TRST: 1
Hardware-Breakpoints: 6
Software-Breakpoints: 8192
Watchpoints:          4
JTAG speed: 4000 kHz
 
Full Chip Erase Done.
Programming Done.
Verify OK.
Application running ...
Build target 'Target 1'
compiling App_LongShortKey.c...
linking...
Program Size: Code=4016 RO-data=336 RW-data=140 ZI-data=1684  
FromELF: creating hex file...
"..\OBJ\LED.axf" - 0 Errors, 0 Warning(s).
Load "..\\OBJ\\LED.axf" 
Set JLink Project File to "C:\work dir\fsm_software\demo_10th_noOs\USER\JLinkSettings.ini"
* JLink Info: Device "STM32F103RC" selected (256 KB flash, 48 KB RAM).
 
JLink info:
------------
DLL: V4.68a, compiled Apr 12 2013 13:26:50
Firmware: J-Link ARM V8 compiled Nov 14 2012 22:34:52
Hardware: V8.00
S/N : 304423265 
Feature(s) : RDI,FlashDL,FlashBP,JFlash,GDBFULL 
 
* JLink Info: Found SWD-DP with ID 0x1BA01477
* JLink Info: Found SWD-DP with ID 0x1BA01477
* JLink Info: TPIU fitted.
* JLink Info: FPUnit: 6 code (BP) slots and 2 literal slots
* JLink Info: Found Cortex-M3 r1p1, Little endian.
ROMTableAddr = 0xE00FF003
 
Target info:
------------
Device: STM32F103RC
VTarget = 3.319V
State of Pins: 
TCK: 0, TDI: 1, TDO: 1, TMS: 1, TRES: 1, TRST: 1
Hardware-Breakpoints: 6
Software-Breakpoints: 8192
Watchpoints:          4
JTAG speed: 4000 kHz
 
Full Chip Erase Done.
Programming Done.
Verify OK.
Application running ...
Build target 'Target 1'
compiling main_interface.c...
compiling eventQueue.c...
compiling uart_intf.c...
compiling Timer_intf.c...
compiling App_LongShortKey.c...
linking...
Program Size: Code=3996 RO-data=336 RW-data=140 ZI-data=1684  
FromELF: creating hex file...
"..\OBJ\LED.axf" - 0 Errors, 0 Warning(s).
Load "..\\OBJ\\LED.axf" 
Set JLink Project File to "C:\work dir\fsm_software\demo_10th_noOs\USER\JLinkSettings.ini"
* JLink Info: Device "STM32F103RC" selected (256 KB flash, 48 KB RAM).
 
JLink info:
------------
DLL: V4.68a, compiled Apr 12 2013 13:26:50
Firmware: J-Link ARM V8 compiled Nov 14 2012 22:34:52
Hardware: V8.00
S/N : 304423265 
Feature(s) : RDI,FlashDL,FlashBP,JFlash,GDBFULL 
 
* JLink Info: Found SWD-DP with ID 0x1BA01477
* JLink Info: Found SWD-DP with ID 0x1BA01477
* JLink Info: TPIU fitted.
* JLink Info: FPUnit: 6 code (BP) slots and 2 literal slots
* JLink Info: Found Cortex-M3 r1p1, Little endian.
ROMTableAddr = 0xE00FF003
 
Target info:
------------
Device: STM32F103RC
VTarget = 3.319V
State of Pins: 
TCK: 0, TDI: 1, TDO: 1, TMS: 1, TRES: 1, TRST: 1
Hardware-Breakpoints: 6
Software-Breakpoints: 8192
Watchpoints:          4
JTAG speed: 4000 kHz
 
Full Chip Erase Done.
Programming Done.
Verify OK.
Application running ...
Build target 'Target 1'
compiling App_LongShortKey.c...
..\APP\App_LongShortKey.c(94): warning:  #177-D: variable "p_keyCode" was declared but never referenced
linking...
Program Size: Code=3964 RO-data=336 RW-data=140 ZI-data=1684  
FromELF: creating hex file...
"..\OBJ\LED.axf" - 0 Errors, 1 Warning(s).
Load "..\\OBJ\\LED.axf" 
Set JLink Project File to "C:\work dir\fsm_software\demo_10th_noOs\USER\JLinkSettings.ini"
* JLink Info: Device "STM32F103RC" selected (256 KB flash, 48 KB RAM).
 
JLink info:
------------
DLL: V4.68a, compiled Apr 12 2013 13:26:50
Firmware: J-Link ARM V8 compiled Nov 14 2012 22:34:52
Hardware: V8.00
S/N : 304423265 
Feature(s) : RDI,FlashDL,FlashBP,JFlash,GDBFULL 
 
* JLink Info: Found SWD-DP with ID 0x1BA01477
* JLink Info: Found SWD-DP with ID 0x1BA01477
* JLink Info: TPIU fitted.
* JLink Info: FPUnit: 6 code (BP) slots and 2 literal slots
* JLink Info: Found Cortex-M3 r1p1, Little endian.
ROMTableAddr = 0xE00FF003
 
Target info:
------------
Device: STM32F103RC
VTarget = 3.319V
State of Pins: 
TCK: 0, TDI: 1, TDO: 1, TMS: 1, TRES: 1, TRST: 1
Hardware-Breakpoints: 6
Software-Breakpoints: 8192
Watchpoints:          4
JTAG speed: 4000 kHz
 
Full Chip Erase Done.
Programming Done.
Verify OK.
Application running ...
Build target 'Target 1'
compiling App_LongShortKey.c...
linking...
Program Size: Code=4016 RO-data=336 RW-data=144 ZI-data=1688  
FromELF: creating hex file...
"..\OBJ\LED.axf" - 0 Errors, 0 Warning(s).
Load "..\\OBJ\\LED.axf" 
Set JLink Project File to "C:\work dir\fsm_software\demo_10th_noOs\USER\JLinkSettings.ini"
* JLink Info: Device "STM32F103RC" selected (256 KB flash, 48 KB RAM).
 
JLink info:
------------
DLL: V4.68a, compiled Apr 12 2013 13:26:50
Firmware: J-Link ARM V8 compiled Nov 14 2012 22:34:52
Hardware: V8.00
S/N : 304423265 
Feature(s) : RDI,FlashDL,FlashBP,JFlash,GDBFULL 
 
* JLink Info: Found SWD-DP with ID 0x1BA01477
* JLink Info: Found SWD-DP with ID 0x1BA01477
* JLink Info: TPIU fitted.
* JLink Info: FPUnit: 6 code (BP) slots and 2 literal slots
* JLink Info: Found Cortex-M3 r1p1, Little endian.
ROMTableAddr = 0xE00FF003
 
Target info:
------------
Device: STM32F103RC
VTarget = 3.319V
State of Pins: 
TCK: 0, TDI: 1, TDO: 1, TMS: 1, TRES: 1, TRST: 1
Hardware-Breakpoints: 6
Software-Breakpoints: 8192
Watchpoints:          4
JTAG speed: 4000 kHz
 
Full Chip Erase Done.
Programming Done.
Verify OK.
Application running ...
Build target 'Target 1'
compiling App_LongShortKey.c...
..\APP\App_LongShortKey.c(124): error:  #75: operand of "*" must be a pointer
..\APP\App_LongShortKey.c(125): error:  #167: argument of type "uint8_t" is incompatible with parameter of type "void *"
..\APP\App_LongShortKey.c(139): error:  #75: operand of "*" must be a pointer
..\APP\App_LongShortKey.c(140): error:  #167: argument of type "uint8_t" is incompatible with parameter of type "void *"
..\APP\App_LongShortKey.c(164): error:  #75: operand of "*" must be a pointer
..\APP\App_LongShortKey.c(165): error:  #167: argument of type "uint8_t" is incompatible with parameter of type "void *"
"..\OBJ\LED.axf" - 6 Errors, 0 Warning(s).
Target not created
Build target 'Target 1'
compiling App_LongShortKey.c...
linking...
Program Size: Code=3992 RO-data=336 RW-data=144 ZI-data=1688  
FromELF: creating hex file...
"..\OBJ\LED.axf" - 0 Errors, 0 Warning(s).
Load "..\\OBJ\\LED.axf" 
Set JLink Project File to "C:\work dir\fsm_software\demo_10th_noOs\USER\JLinkSettings.ini"
* JLink Info: Device "STM32F103RC" selected (256 KB flash, 48 KB RAM).
 
JLink info:
------------
DLL: V4.68a, compiled Apr 12 2013 13:26:50
Firmware: J-Link ARM V8 compiled Nov 14 2012 22:34:52
Hardware: V8.00
S/N : 304423265 
Feature(s) : RDI,FlashDL,FlashBP,JFlash,GDBFULL 
 
* JLink Info: Found SWD-DP with ID 0x1BA01477
* JLink Info: Found SWD-DP with ID 0x1BA01477
* JLink Info: TPIU fitted.
* JLink Info: FPUnit: 6 code (BP) slots and 2 literal slots
* JLink Info: Found Cortex-M3 r1p1, Little endian.
ROMTableAddr = 0xE00FF003
 
Target info:
------------
Device: STM32F103RC
VTarget = 3.319V
State of Pins: 
TCK: 0, TDI: 1, TDO: 1, TMS: 1, TRES: 1, TRST: 1
Hardware-Breakpoints: 6
Software-Breakpoints: 8192
Watchpoints:          4
JTAG speed: 4000 kHz
 
Full Chip Erase Done.
Programming Done.
Verify OK.
Application running ...
Build target 'Target 1'
compiling App_LongShortKey.c...
linking...
Program Size: Code=4008 RO-data=336 RW-data=144 ZI-data=1688  
FromELF: creating hex file...
"..\OBJ\LED.axf" - 0 Errors, 0 Warning(s).
Load "..\\OBJ\\LED.axf" 
Set JLink Project File to "C:\work dir\fsm_software\demo_10th_noOs\USER\JLinkSettings.ini"
* JLink Info: Device "STM32F103RC" selected (256 KB flash, 48 KB RAM).
 
JLink info:
------------
DLL: V4.68a, compiled Apr 12 2013 13:26:50
Firmware: J-Link ARM V8 compiled Nov 14 2012 22:34:52
Hardware: V8.00
S/N : 304423265 
Feature(s) : RDI,FlashDL,FlashBP,JFlash,GDBFULL 
 
* JLink Info: Found SWD-DP with ID 0x1BA01477
* JLink Info: Found SWD-DP with ID 0x1BA01477
* JLink Info: TPIU fitted.
* JLink Info: FPUnit: 6 code (BP) slots and 2 literal slots
* JLink Info: Found Cortex-M3 r1p1, Little endian.
ROMTableAddr = 0xE00FF003
 
Target info:
------------
Device: STM32F103RC
VTarget = 3.319V
State of Pins: 
TCK: 0, TDI: 1, TDO: 1, TMS: 1, TRES: 1, TRST: 1
Hardware-Breakpoints: 6
Software-Breakpoints: 8192
Watchpoints:          4
JTAG speed: 4000 kHz
 
Full Chip Erase Done.
Programming Done.
Verify OK.
Application running ...
Build target 'Target 1'
compiling App_LongShortKey.c...
linking...
Program Size: Code=4348 RO-data=336 RW-data=144 ZI-data=1688  
FromELF: creating hex file...
"..\OBJ\LED.axf" - 0 Errors, 0 Warning(s).
Load "..\\OBJ\\LED.axf" 
Set JLink Project File to "C:\work dir\fsm_software\demo_10th_noOs\USER\JLinkSettings.ini"
* JLink Info: Device "STM32F103RC" selected (256 KB flash, 48 KB RAM).
 
JLink info:
------------
DLL: V4.68a, compiled Apr 12 2013 13:26:50
Firmware: J-Link ARM V8 compiled Nov 14 2012 22:34:52
Hardware: V8.00
S/N : 304423265 
Feature(s) : RDI,FlashDL,FlashBP,JFlash,GDBFULL 
 
* JLink Info: Found SWD-DP with ID 0x1BA01477
* JLink Info: Found SWD-DP with ID 0x1BA01477
* JLink Info: TPIU fitted.
* JLink Info: FPUnit: 6 code (BP) slots and 2 literal slots
* JLink Info: Found Cortex-M3 r1p1, Little endian.
ROMTableAddr = 0xE00FF003
 
Target info:
------------
Device: STM32F103RC
VTarget = 3.319V
State of Pins: 
TCK: 0, TDI: 1, TDO: 1, TMS: 1, TRES: 1, TRST: 1
Hardware-Breakpoints: 6
Software-Breakpoints: 8192
Watchpoints:          4
JTAG speed: 4000 kHz
 
Full Chip Erase Done.
Programming Done.
Verify OK.
Application running ...
Build target 'Target 1'
compiling App_LongShortKey.c...
..\APP\App_LongShortKey.c(99): warning:  #177-D: variable "keyValue" was declared but never referenced
linking...
Program Size: Code=4340 RO-data=336 RW-data=148 ZI-data=1684  
FromELF: creating hex file...
"..\OBJ\LED.axf" - 0 Errors, 1 Warning(s).
Load "..\\OBJ\\LED.axf" 
Set JLink Project File to "C:\work dir\fsm_software\demo_10th_noOs\USER\JLinkSettings.ini"
* JLink Info: Device "STM32F103RC" selected (256 KB flash, 48 KB RAM).
 
JLink info:
------------
DLL: V4.68a, compiled Apr 12 2013 13:26:50
Firmware: J-Link ARM V8 compiled Nov 14 2012 22:34:52
Hardware: V8.00
S/N : 304423265 
Feature(s) : RDI,FlashDL,FlashBP,JFlash,GDBFULL 
 
* JLink Info: Found SWD-DP with ID 0x1BA01477
* JLink Info: Found SWD-DP with ID 0x1BA01477
* JLink Info: TPIU fitted.
* JLink Info: FPUnit: 6 code (BP) slots and 2 literal slots
* JLink Info: Found Cortex-M3 r1p1, Little endian.
ROMTableAddr = 0xE00FF003
 
Target info:
------------
Device: STM32F103RC
VTarget = 3.319V
State of Pins: 
TCK: 0, TDI: 1, TDO: 1, TMS: 1, TRES: 1, TRST: 1
Hardware-Breakpoints: 6
Software-Breakpoints: 8192
Watchpoints:          4
JTAG speed: 4000 kHz
 
Full Chip Erase Done.
Programming Done.
Verify OK.
Application running ...
Build target 'Target 1'
compiling App_LongShortKey.c...
linking...
Program Size: Code=4344 RO-data=336 RW-data=148 ZI-data=1684  
FromELF: creating hex file...
"..\OBJ\LED.axf" - 0 Errors, 0 Warning(s).
Load "..\\OBJ\\LED.axf" 
Set JLink Project File to "C:\work dir\fsm_software\demo_10th_noOs\USER\JLinkSettings.ini"
* JLink Info: Device "STM32F103RC" selected (256 KB flash, 48 KB RAM).
 
JLink info:
------------
DLL: V4.68a, compiled Apr 12 2013 13:26:50
Firmware: J-Link ARM V8 compiled Nov 14 2012 22:34:52
Hardware: V8.00
S/N : 304423265 
Feature(s) : RDI,FlashDL,FlashBP,JFlash,GDBFULL 
 
* JLink Info: Found SWD-DP with ID 0x1BA01477
* JLink Info: Found SWD-DP with ID 0x1BA01477
* JLink Info: TPIU fitted.
* JLink Info: FPUnit: 6 code (BP) slots and 2 literal slots
* JLink Info: Found Cortex-M3 r1p1, Little endian.
ROMTableAddr = 0xE00FF003
 
Target info:
------------
Device: STM32F103RC
VTarget = 3.319V
State of Pins: 
TCK: 0, TDI: 1, TDO: 1, TMS: 1, TRES: 1, TRST: 1
Hardware-Breakpoints: 6
Software-Breakpoints: 8192
Watchpoints:          4
JTAG speed: 4000 kHz
 
Full Chip Erase Done.
Programming Done.
Verify OK.
Application running ...
Build target 'Target 1'
compiling App_LongShortKey.c...
..\APP\App_LongShortKey.c(99): warning:  #177-D: variable "keyValue" was declared but never referenced
linking...
Program Size: Code=4344 RO-data=336 RW-data=148 ZI-data=1684  
FromELF: creating hex file...
"..\OBJ\LED.axf" - 0 Errors, 1 Warning(s).
Load "..\\OBJ\\LED.axf" 
Set JLink Project File to "C:\work dir\fsm_software\demo_10th_noOs\USER\JLinkSettings.ini"
* JLink Info: Device "STM32F103RC" selected (256 KB flash, 48 KB RAM).
 
JLink info:
------------
DLL: V4.68a, compiled Apr 12 2013 13:26:50
Firmware: J-Link ARM V8 compiled Nov 14 2012 22:34:52
Hardware: V8.00
S/N : 304423265 
Feature(s) : RDI,FlashDL,FlashBP,JFlash,GDBFULL 
 
* JLink Info: Found SWD-DP with ID 0x1BA01477
* JLink Info: Found SWD-DP with ID 0x1BA01477
* JLink Info: TPIU fitted.
* JLink Info: FPUnit: 6 code (BP) slots and 2 literal slots
* JLink Info: Found Cortex-M3 r1p1, Little endian.
ROMTableAddr = 0xE00FF003
 
Target info:
------------
Device: STM32F103RC
VTarget = 3.319V
State of Pins: 
TCK: 0, TDI: 1, TDO: 1, TMS: 1, TRES: 1, TRST: 1
Hardware-Breakpoints: 6
Software-Breakpoints: 8192
Watchpoints:          4
JTAG speed: 4000 kHz
 
Full Chip Erase Done.
Programming Done.
Verify OK.
Application running ...
Build target 'Target 1'
compiling App_LongShortKey.c...
..\APP\App_LongShortKey.c(97): warning:  #177-D: variable "keyValue" was declared but never referenced
linking...
Program Size: Code=4340 RO-data=336 RW-data=144 ZI-data=1688  
FromELF: creating hex file...
"..\OBJ\LED.axf" - 0 Errors, 1 Warning(s).
Build target 'Target 1'
compiling App_LongShortKey.c...
linking...
Program Size: Code=4340 RO-data=336 RW-data=144 ZI-data=1688  
FromELF: creating hex file...
"..\OBJ\LED.axf" - 0 Errors, 0 Warning(s).
Load "..\\OBJ\\LED.axf" 
Set JLink Project File to "C:\work dir\fsm_software\demo_10th_noOs\USER\JLinkSettings.ini"
* JLink Info: Device "STM32F103RC" selected (256 KB flash, 48 KB RAM).
 
JLink info:
------------
DLL: V4.68a, compiled Apr 12 2013 13:26:50
Firmware: J-Link ARM V8 compiled Nov 14 2012 22:34:52
Hardware: V8.00
S/N : 304423265 
Feature(s) : RDI,FlashDL,FlashBP,JFlash,GDBFULL 
 
* JLink Info: Found SWD-DP with ID 0x1BA01477
* JLink Info: Found SWD-DP with ID 0x1BA01477
* JLink Info: TPIU fitted.
* JLink Info: FPUnit: 6 code (BP) slots and 2 literal slots
* JLink Info: Found Cortex-M3 r1p1, Little endian.
ROMTableAddr = 0xE00FF003
 
Target info:
------------
Device: STM32F103RC
VTarget = 3.319V
State of Pins: 
TCK: 0, TDI: 1, TDO: 1, TMS: 1, TRES: 1, TRST: 1
Hardware-Breakpoints: 6
Software-Breakpoints: 8192
Watchpoints:          4
JTAG speed: 4000 kHz
 
Full Chip Erase Done.
Programming Done.
Verify OK.
Application running ...
Build target 'Target 1'
compiling App_LongShortKey.c...
linking...
Program Size: Code=4104 RO-data=336 RW-data=144 ZI-data=1688  
FromELF: creating hex file...
"..\OBJ\LED.axf" - 0 Errors, 0 Warning(s).
Load "..\\OBJ\\LED.axf" 
Set JLink Project File to "C:\work dir\fsm_software\demo_10th_noOs\USER\JLinkSettings.ini"
* JLink Info: Device "STM32F103RC" selected (256 KB flash, 48 KB RAM).
 
JLink info:
------------
DLL: V4.68a, compiled Apr 12 2013 13:26:50
Firmware: J-Link ARM V8 compiled Nov 14 2012 22:34:52
Hardware: V8.00
S/N : 304423265 
Feature(s) : RDI,FlashDL,FlashBP,JFlash,GDBFULL 
 
* JLink Info: Found SWD-DP with ID 0x1BA01477
* JLink Info: Found SWD-DP with ID 0x1BA01477
* JLink Info: TPIU fitted.
* JLink Info: FPUnit: 6 code (BP) slots and 2 literal slots
* JLink Info: Found Cortex-M3 r1p1, Little endian.
ROMTableAddr = 0xE00FF003
 
Target info:
------------
Device: STM32F103RC
VTarget = 3.319V
State of Pins: 
TCK: 0, TDI: 1, TDO: 1, TMS: 1, TRES: 1, TRST: 1
Hardware-Breakpoints: 6
Software-Breakpoints: 8192
Watchpoints:          4
JTAG speed: 4000 kHz
 
Full Chip Erase Done.
Programming Done.
Verify OK.
Application running ...
Build target 'Target 1'
compiling main_interface.c...
compiling App_LongShortKey.c...
linking...
Program Size: Code=4104 RO-data=336 RW-data=144 ZI-data=1688  
FromELF: creating hex file...
"..\OBJ\LED.axf" - 0 Errors, 0 Warning(s).
Build target 'Target 1'
compiling App_LongShortKey.c...
linking...
Program Size: Code=4096 RO-data=336 RW-data=144 ZI-data=1688  
FromELF: creating hex file...
"..\OBJ\LED.axf" - 0 Errors, 0 Warning(s).
Load "..\\OBJ\\LED.axf" 
Set JLink Project File to "C:\work dir\fsm_software\demo_10th_noOs\USER\JLinkSettings.ini"
* JLink Info: Device "STM32F103RC" selected (256 KB flash, 48 KB RAM).
 
JLink info:
------------
DLL: V4.68a, compiled Apr 12 2013 13:26:50
Firmware: J-Link ARM V8 compiled Nov 14 2012 22:34:52
Hardware: V8.00
S/N : 304423265 
Feature(s) : RDI,FlashDL,FlashBP,JFlash,GDBFULL 
 
* JLink Info: Found SWD-DP with ID 0x1BA01477
* JLink Info: Found SWD-DP with ID 0x1BA01477
* JLink Info: TPIU fitted.
* JLink Info: FPUnit: 6 code (BP) slots and 2 literal slots
* JLink Info: Found Cortex-M3 r1p1, Little endian.
ROMTableAddr = 0xE00FF003
 
Target info:
------------
Device: STM32F103RC
VTarget = 3.319V
State of Pins: 
TCK: 0, TDI: 1, TDO: 1, TMS: 1, TRES: 1, TRST: 1
Hardware-Breakpoints: 6
Software-Breakpoints: 8192
Watchpoints:          4
JTAG speed: 4000 kHz
 
Full Chip Erase Done.
Programming Done.
Verify OK.
Application running ...
Build target 'Target 1'
compiling App_LongShortKey.c...
linking...
Program Size: Code=4092 RO-data=336 RW-data=140 ZI-data=1684  
FromELF: creating hex file...
"..\OBJ\LED.axf" - 0 Errors, 0 Warning(s).
Load "..\\OBJ\\LED.axf" 
Set JLink Project File to "C:\work dir\fsm_software\demo_10th_noOs\USER\JLinkSettings.ini"
* JLink Info: Device "STM32F103RC" selected (256 KB flash, 48 KB RAM).
 
JLink info:
------------
DLL: V4.68a, compiled Apr 12 2013 13:26:50
Firmware: J-Link ARM V8 compiled Nov 14 2012 22:34:52
Hardware: V8.00
S/N : 304423265 
Feature(s) : RDI,FlashDL,FlashBP,JFlash,GDBFULL 
 
* JLink Info: Found SWD-DP with ID 0x1BA01477
* JLink Info: Found SWD-DP with ID 0x1BA01477
* JLink Info: TPIU fitted.
* JLink Info: FPUnit: 6 code (BP) slots and 2 literal slots
* JLink Info: Found Cortex-M3 r1p1, Little endian.
ROMTableAddr = 0xE00FF003
 
Target info:
------------
Device: STM32F103RC
VTarget = 3.319V
State of Pins: 
TCK: 0, TDI: 1, TDO: 1, TMS: 1, TRES: 1, TRST: 1
Hardware-Breakpoints: 6
Software-Breakpoints: 8192
Watchpoints:          4
JTAG speed: 4000 kHz
 
Full Chip Erase Done.
Programming Done.
Verify OK.
Application running ...
Build target 'Target 1'
compiling App_LongShortKey.c...
linking...
Program Size: Code=4096 RO-data=336 RW-data=144 ZI-data=1688  
FromELF: creating hex file...
"..\OBJ\LED.axf" - 0 Errors, 0 Warning(s).
Load "..\\OBJ\\LED.axf" 
Set JLink Project File to "C:\work dir\fsm_software\demo_10th_noOs\USER\JLinkSettings.ini"
* JLink Info: Device "STM32F103RC" selected (256 KB flash, 48 KB RAM).
 
JLink info:
------------
DLL: V4.68a, compiled Apr 12 2013 13:26:50
Firmware: J-Link ARM V8 compiled Nov 14 2012 22:34:52
Hardware: V8.00
S/N : 304423265 
Feature(s) : RDI,FlashDL,FlashBP,JFlash,GDBFULL 
 
* JLink Info: Found SWD-DP with ID 0x1BA01477
* JLink Info: Found SWD-DP with ID 0x1BA01477
* JLink Info: TPIU fitted.
* JLink Info: FPUnit: 6 code (BP) slots and 2 literal slots
* JLink Info: Found Cortex-M3 r1p1, Little endian.
ROMTableAddr = 0xE00FF003
 
Target info:
------------
Device: STM32F103RC
VTarget = 3.319V
State of Pins: 
TCK: 0, TDI: 1, TDO: 1, TMS: 1, TRES: 1, TRST: 1
Hardware-Breakpoints: 6
Software-Breakpoints: 8192
Watchpoints:          4
JTAG speed: 4000 kHz
 
Full Chip Erase Done.
Programming Done.
Verify OK.
Application running ...
Build target 'Target 1'
compiling main_interface.c...
compiling App_LongShortKey.c...
..\APP\App_LongShortKey.c(208): warning:  #167-D: argument of type "void (*)(void)" is incompatible with parameter of type "TimeOutCallbackPtr"
linking...
Program Size: Code=4096 RO-data=336 RW-data=144 ZI-data=1688  
FromELF: creating hex file...
"..\OBJ\LED.axf" - 0 Errors, 1 Warning(s).
Build target 'Target 1'
compiling main_interface.c...
main_interface.c(60): warning:  #223-D: function "keyScan" declared implicitly
main_interface.c(105): warning:  #223-D: function "keyScan" declared implicitly
compiling App_LongShortKey.c...
linking...
Program Size: Code=4096 RO-data=336 RW-data=144 ZI-data=1688  
FromELF: creating hex file...
"..\OBJ\LED.axf" - 0 Errors, 2 Warning(s).
Build target 'Target 1'
compiling main_interface.c...
main_interface.c(105): warning:  #223-D: function "keyScan" declared implicitly
linking...
Program Size: Code=4096 RO-data=336 RW-data=144 ZI-data=1688  
FromELF: creating hex file...
"..\OBJ\LED.axf" - 0 Errors, 1 Warning(s).
Build target 'Target 1'
compiling main_interface.c...
linking...
Program Size: Code=3812 RO-data=336 RW-data=144 ZI-data=1688  
FromELF: creating hex file...
"..\OBJ\LED.axf" - 0 Errors, 0 Warning(s).
Build target 'Target 1'
compiling main_interface.c...
compiling App_LongShortKey.c...
linking...
Program Size: Code=4136 RO-data=336 RW-data=144 ZI-data=1704  
FromELF: creating hex file...
"..\OBJ\LED.axf" - 0 Errors, 0 Warning(s).
Build target 'Target 1'
linking...
Program Size: Code=4136 RO-data=336 RW-data=144 ZI-data=1704  
FromELF: creating hex file...
"..\OBJ\LED.axf" - 0 Errors, 0 Warning(s).
Load "..\\OBJ\\LED.axf" 
Set JLink Project File to "C:\work dir\fsm_software\demo_10th_noOs\USER\JLinkSettings.ini"
* JLink Info: Device "STM32F103RC" selected (256 KB flash, 48 KB RAM).
 
JLink info:
------------
DLL: V4.68a, compiled Apr 12 2013 13:26:50
Firmware: J-Link ARM V8 compiled Nov 14 2012 22:34:52
Hardware: V8.00
S/N : 304423265 
Feature(s) : RDI,FlashDL,FlashBP,JFlash,GDBFULL 
 
* JLink Info: Found SWD-DP with ID 0x1BA01477
* JLink Info: Found SWD-DP with ID 0x1BA01477
* JLink Info: TPIU fitted.
* JLink Info: FPUnit: 6 code (BP) slots and 2 literal slots
* JLink Info: Found Cortex-M3 r1p1, Little endian.
ROMTableAddr = 0xE00FF003
 
Target info:
------------
Device: STM32F103RC
VTarget = 3.319V
State of Pins: 
TCK: 0, TDI: 1, TDO: 1, TMS: 1, TRES: 1, TRST: 1
Hardware-Breakpoints: 6
Software-Breakpoints: 8192
Watchpoints:          4
JTAG speed: 4000 kHz
 
Full Chip Erase Done.
Programming Done.
Verify OK.
Application running ...
Build target 'Target 1'
compiling main_interface.c...
linking...
Program Size: Code=4040 RO-data=336 RW-data=144 ZI-data=1688  
FromELF: creating hex file...
"..\OBJ\LED.axf" - 0 Errors, 0 Warning(s).
Load "..\\OBJ\\LED.axf" 
Set JLink Project File to "C:\work dir\fsm_software\demo_10th_noOs\USER\JLinkSettings.ini"
* JLink Info: Device "STM32F103RC" selected (256 KB flash, 48 KB RAM).
 
JLink info:
------------
DLL: V4.68a, compiled Apr 12 2013 13:26:50
Firmware: J-Link ARM V8 compiled Nov 14 2012 22:34:52
Hardware: V8.00
S/N : 304423265 
Feature(s) : RDI,FlashDL,FlashBP,JFlash,GDBFULL 
 
* JLink Info: Found SWD-DP with ID 0x1BA01477
* JLink Info: Found SWD-DP with ID 0x1BA01477
* JLink Info: TPIU fitted.
* JLink Info: FPUnit: 6 code (BP) slots and 2 literal slots
* JLink Info: Found Cortex-M3 r1p1, Little endian.
ROMTableAddr = 0xE00FF003
 
Target info:
------------
Device: STM32F103RC
VTarget = 3.319V
State of Pins: 
TCK: 0, TDI: 1, TDO: 1, TMS: 1, TRES: 1, TRST: 1
Hardware-Breakpoints: 6
Software-Breakpoints: 8192
Watchpoints:          4
JTAG speed: 4000 kHz
 
Full Chip Erase Done.
Programming Done.
Verify OK.
Application running ...
Build target 'Target 1'
linking...
Program Size: Code=4040 RO-data=336 RW-data=144 ZI-data=1688  
FromELF: creating hex file...
"..\OBJ\LED.axf" - 0 Errors, 0 Warning(s).
Build target 'Target 1'
compiling uart_intf.c...
..\DevInterface\ring_buffer.h(9): error:  #5: cannot open source input file "asf.h": No such file or directory
compiling ring_buffer.c...
..\DevInterface\ring_buffer.c(6): error:  #5: cannot open source input file "asf.h": No such file or directory
"..\OBJ\LED.axf" - 2 Errors, 0 Warning(s).
Target not created
Build target 'Target 1'
compiling uart_intf.c...
..\DevInterface\uart_intf.c(14): warning:  #177-D: variable "rec_buf" was declared but never referenced
..\DevInterface\uart_intf.c(15): warning:  #177-D: variable "receive_buffer" was declared but never referenced
compiling ring_buffer.c...
..\DevInterface\ring_buffer.c(6): error:  #5: cannot open source input file "asf.h": No such file or directory
"..\OBJ\LED.axf" - 1 Errors, 2 Warning(s).
Target not created
Build target 'Target 1'
compiling ring_buffer.c...
..\DevInterface\ring_buffer.c(46): error:  #254: type name is not allowed
..\DevInterface\ring_buffer.c(46): error:  #65: expected a ";"
..\DevInterface\ring_buffer.c(46): error:  #20: identifier "i" is undefined
..\DevInterface\ring_buffer.c(65): error:  #254: type name is not allowed
..\DevInterface\ring_buffer.c(65): error:  #65: expected a ";"
..\DevInterface\ring_buffer.c(65): error:  #20: identifier "i" is undefined
..\DevInterface\ring_buffer.c(87): error:  #254: type name is not allowed
..\DevInterface\ring_buffer.c(87): error:  #65: expected a ";"
..\DevInterface\ring_buffer.c(87): error:  #20: identifier "i" is undefined
"..\OBJ\LED.axf" - 9 Errors, 0 Warning(s).
Target not created
Build target 'Target 1'
compiling ring_buffer.c...
..\DevInterface\ring_buffer.c(47): error:  #254: type name is not allowed
..\DevInterface\ring_buffer.c(47): error:  #65: expected a ";"
..\DevInterface\ring_buffer.c(47): error:  #20: identifier "i" is undefined
..\DevInterface\ring_buffer.c(66): error:  #254: type name is not allowed
..\DevInterface\ring_buffer.c(66): error:  #65: expected a ";"
..\DevInterface\ring_buffer.c(66): error:  #20: identifier "i" is undefined
..\DevInterface\ring_buffer.c(88): error:  #254: type name is not allowed
..\DevInterface\ring_buffer.c(88): error:  #65: expected a ";"
..\DevInterface\ring_buffer.c(88): error:  #20: identifier "i" is undefined
"..\OBJ\LED.axf" - 9 Errors, 0 Warning(s).
Target not created
Build target 'Target 1'
compiling ring_buffer.c...
..\DevInterface\ring_buffer.c(68): error:  #254: type name is not allowed
..\DevInterface\ring_buffer.c(68): error:  #65: expected a ";"
..\DevInterface\ring_buffer.c(68): error:  #20: identifier "i" is undefined
..\DevInterface\ring_buffer.c(90): error:  #254: type name is not allowed
..\DevInterface\ring_buffer.c(90): error:  #65: expected a ";"
..\DevInterface\ring_buffer.c(90): error:  #20: identifier "i" is undefined
"..\OBJ\LED.axf" - 6 Errors, 0 Warning(s).
Target not created
Build target 'Target 1'
compiling ring_buffer.c...
..\DevInterface\ring_buffer.c(92): error:  #254: type name is not allowed
..\DevInterface\ring_buffer.c(92): error:  #65: expected a ";"
..\DevInterface\ring_buffer.c(92): error:  #20: identifier "i" is undefined
"..\OBJ\LED.axf" - 3 Errors, 0 Warning(s).
Target not created
Build target 'Target 1'
compiling ring_buffer.c...
linking...
Program Size: Code=4040 RO-data=336 RW-data=144 ZI-data=1688  
FromELF: creating hex file...
"..\OBJ\LED.axf" - 0 Errors, 0 Warning(s).
Build target 'Target 1'
compiling uart_intf.c...
linking...
Program Size: Code=4292 RO-data=336 RW-data=144 ZI-data=1824  
FromELF: creating hex file...
"..\OBJ\LED.axf" - 0 Errors, 0 Warning(s).
Load "..\\OBJ\\LED.axf" 
Set JLink Project File to "C:\work dir\fsm_software\demo_10th_noOs\USER\JLinkSettings.ini"
* JLink Info: Device "STM32F103RC" selected (256 KB flash, 48 KB RAM).
 
JLink info:
------------
DLL: V4.68a, compiled Apr 12 2013 13:26:50
Firmware: J-Link ARM V8 compiled Nov 14 2012 22:34:52
Hardware: V8.00
S/N : 304423265 
Feature(s) : RDI,FlashDL,FlashBP,JFlash,GDBFULL 
 
* JLink Info: Found SWD-DP with ID 0x1BA01477
* JLink Info: Found SWD-DP with ID 0x1BA01477
* JLink Info: TPIU fitted.
* JLink Info: FPUnit: 6 code (BP) slots and 2 literal slots
* JLink Info: Found Cortex-M3 r1p1, Little endian.
ROMTableAddr = 0xE00FF003
 
Target info:
------------
Device: STM32F103RC
VTarget = 3.319V
State of Pins: 
TCK: 0, TDI: 1, TDO: 1, TMS: 1, TRES: 1, TRST: 1
Hardware-Breakpoints: 6
Software-Breakpoints: 8192
Watchpoints:          4
JTAG speed: 4000 kHz
 
Full Chip Erase Done.
Programming Done.
Verify OK.
Application running ...
Build target 'Target 1'
compiling main_interface.c...
main_interface.c(94): warning:  #223-D: function "uart_ringBuffer_Init" declared implicitly
linking...
Program Size: Code=4360 RO-data=336 RW-data=144 ZI-data=1824  
FromELF: creating hex file...
"..\OBJ\LED.axf" - 0 Errors, 1 Warning(s).
Load "..\\OBJ\\LED.axf" 
Set JLink Project File to "C:\work dir\fsm_software\demo_10th_noOs\USER\JLinkSettings.ini"
* JLink Info: Device "STM32F103RC" selected (256 KB flash, 48 KB RAM).
 
JLink info:
------------
DLL: V4.68a, compiled Apr 12 2013 13:26:50
Firmware: J-Link ARM V8 compiled Nov 14 2012 22:34:52
Hardware: V8.00
S/N : 304423265 
Feature(s) : RDI,FlashDL,FlashBP,JFlash,GDBFULL 
 
* JLink Info: Found SWD-DP with ID 0x1BA01477
* JLink Info: Found SWD-DP with ID 0x1BA01477
* JLink Info: TPIU fitted.
* JLink Info: FPUnit: 6 code (BP) slots and 2 literal slots
* JLink Info: Found Cortex-M3 r1p1, Little endian.
ROMTableAddr = 0xE00FF003
 
Target info:
------------
Device: STM32F103RC
VTarget = 3.319V
State of Pins: 
TCK: 0, TDI: 1, TDO: 1, TMS: 1, TRES: 1, TRST: 1
Hardware-Breakpoints: 6
Software-Breakpoints: 8192
Watchpoints:          4
JTAG speed: 4000 kHz
 
Full Chip Erase Done.
Programming Done.
Verify OK.
Application running ...
Build target 'Target 1'
compiling main_interface.c...
compiling uart_intf.c...
linking...
Program Size: Code=4360 RO-data=336 RW-data=144 ZI-data=1824  
FromELF: creating hex file...
"..\OBJ\LED.axf" - 0 Errors, 0 Warning(s).
