<html>
<body>
<pre>
<h1>µVision Build Log</h1>
<h2>Project:</h2>
C:\work dir\fsm_learn\demo_3rd\USER\LED.uvproj
Project File Date:  09/14/2015

<h2>Output:</h2>
Build target 'Target 1'
linking...
Program Size: Code=3508 RO-data=336 RW-data=68 ZI-data=1836  
FromELF: creating hex file...
"..\OBJ\LED.axf" - 0 Errors, 0 Warning(s).
Rebuild target 'Target 1'
compiling main_LongShortKey.c...
compiling stm32f10x_it.c...
compiling system_stm32f10x.c...
compiling App_LongShortKey.c...
compiling led.c...
compiling key.c...
compiling delay.c...
compiling sys.c...
compiling usart.c...
compiling core_cm3.c...
assembling startup_stm32f10x_hd.s...
compiling stm32f10x_gpio.c...
compiling stm32f10x_rcc.c...
compiling stm32f10x_usart.c...
compiling misc.c...
linking...
Program Size: Code=3508 RO-data=336 RW-data=68 ZI-data=1836  
FromELF: creating hex file...
"..\OBJ\LED.axf" - 0 Errors, 0 Warning(s).
