ARM Linker, 5.03 [Build 76] [MDK-ARM Standard]

==============================================================================

Section Cross References

    main.o(.text) refers to _printf_percent.o(.ARM.Collect$$_printf_percent$$00000000) for _printf_percent
    main.o(.text) refers to _printf_d.o(.ARM.Collect$$_printf_percent$$00000009) for _printf_d
    main.o(.text) refers to _printf_dec.o(.text) for _printf_int_dec
    main.o(.text) refers to _printf_s.o(.ARM.Collect$$_printf_percent$$00000014) for _printf_s
    main.o(.text) refers to _printf_str.o(.text) for _printf_str
    main.o(.text) refers to led.o(.text) for LED_Init
    main.o(.text) refers to key.o(.text) for KEY_Init
    main.o(.text) refers to usart.o(.text) for uart_init
    main.o(.text) refers to timer.o(.text) for TIM3_Int_Init
    main.o(.text) refers to sys.o(.text) for NVIC_Configuration
    main.o(.text) refers to noretval__2printf.o(.text) for __2printf
    main.o(.text) refers to queue.o(.text) for xQueueGenericSend
    main.o(.text) refers to tasks.o(.text) for vTaskDelay
    main.o(.text) refers to stm32f10x_tim.o(.text) for TIM_GetITStatus
    main.o(.text) refers to main.o(.data) for xIntegerQueue
    main.o(.data) refers to main.o(.conststring) for .conststring
    system_stm32f10x.o(.text) refers to system_stm32f10x.o(.data) for SystemCoreClock
    led.o(.text) refers to stm32f10x_rcc.o(.text) for RCC_APB2PeriphClockCmd
    led.o(.text) refers to stm32f10x_gpio.o(.text) for GPIO_Init
    key.o(.text) refers to port.o(.text) for vPortEnterCritical
    key.o(.text) refers to stm32f10x_gpio.o(.text) for GPIO_ReadInputDataBit
    key.o(.text) refers to stm32f10x_rcc.o(.text) for RCC_APB2PeriphClockCmd
    key.o(.text) refers to key.o(.data) for length
    timer.o(.text) refers to stm32f10x_rcc.o(.text) for RCC_APB1PeriphClockCmd
    timer.o(.text) refers to stm32f10x_tim.o(.text) for TIM_TimeBaseInit
    timer.o(.text) refers to misc.o(.text) for NVIC_Init
    exti.o(.text) refers to stm32f10x_rcc.o(.text) for RCC_APB2PeriphClockCmd
    exti.o(.text) refers to key.o(.text) for KEY_Init
    exti.o(.text) refers to stm32f10x_gpio.o(.text) for GPIO_EXTILineConfig
    exti.o(.text) refers to stm32f10x_exti.o(.text) for EXTI_Init
    exti.o(.text) refers to misc.o(.text) for NVIC_Init
    delay.o(.text) refers to misc.o(.text) for SysTick_CLKSourceConfig
    delay.o(.text) refers to system_stm32f10x.o(.data) for SystemCoreClock
    delay.o(.text) refers to delay.o(.data) for fac_us
    sys.o(.text) refers to misc.o(.text) for NVIC_PriorityGroupConfig
    usart.o(.text) refers (Special) to use_no_semi_2.o(.text) for __use_no_semihosting
    usart.o(.text) refers to stm32f10x_rcc.o(.text) for RCC_APB2PeriphClockCmd
    usart.o(.text) refers to stm32f10x_usart.o(.text) for USART_DeInit
    usart.o(.text) refers to stm32f10x_gpio.o(.text) for GPIO_Init
    usart.o(.text) refers to misc.o(.text) for NVIC_Init
    usart.o(.text) refers to usart.o(.data) for USART_RX_STA
    usart.o(.text) refers to usart.o(.bss) for USART_RX_BUF
    usart.o(.bss) refers (Special) to use_no_semi_2.o(.text) for __use_no_semihosting
    usart.o(.data) refers (Special) to use_no_semi_2.o(.text) for __use_no_semihosting
    startup_stm32f10x_hd.o(STACK) refers (Special) to heapauxi.o(.text) for __use_two_region_memory
    startup_stm32f10x_hd.o(HEAP) refers (Special) to heapauxi.o(.text) for __use_two_region_memory
    startup_stm32f10x_hd.o(RESET) refers (Special) to heapauxi.o(.text) for __use_two_region_memory
    startup_stm32f10x_hd.o(RESET) refers to startup_stm32f10x_hd.o(STACK) for __initial_sp
    startup_stm32f10x_hd.o(RESET) refers to startup_stm32f10x_hd.o(.text) for Reset_Handler
    startup_stm32f10x_hd.o(RESET) refers to stm32f10x_it.o(.text) for NMI_Handler
    startup_stm32f10x_hd.o(RESET) refers to port.o(.emb_text) for vPortSVCHandler
    startup_stm32f10x_hd.o(RESET) refers to port.o(.text) for xPortSysTickHandler
    startup_stm32f10x_hd.o(RESET) refers to main.o(.text) for TIM3_IRQHandler
    startup_stm32f10x_hd.o(RESET) refers to usart.o(.text) for USART1_IRQHandler
    startup_stm32f10x_hd.o(.text) refers (Special) to heapauxi.o(.text) for __use_two_region_memory
    startup_stm32f10x_hd.o(.text) refers to system_stm32f10x.o(.text) for SystemInit
    startup_stm32f10x_hd.o(.text) refers to __main.o(!!!main) for __main
    startup_stm32f10x_hd.o(.text) refers to startup_stm32f10x_hd.o(HEAP) for Heap_Mem
    startup_stm32f10x_hd.o(.text) refers to startup_stm32f10x_hd.o(STACK) for Stack_Mem
    stm32f10x_gpio.o(.text) refers to stm32f10x_rcc.o(.text) for RCC_APB2PeriphResetCmd
    stm32f10x_rcc.o(.text) refers to stm32f10x_rcc.o(.data) for APBAHBPrescTable
    stm32f10x_usart.o(.text) refers to stm32f10x_rcc.o(.text) for RCC_APB2PeriphResetCmd
    stm32f10x_tim.o(.text) refers to stm32f10x_rcc.o(.text) for RCC_APB2PeriphResetCmd
    heap_2.o(.text) refers to tasks.o(.text) for vTaskSuspendAll
[...]
    libinit2.o(.ARM.Collect$$libinit$$00000012) refers to libinit2.o(.ARM.Collect$$libinit$$0000000D) for .ARM.Collect$$libinit$$0000000D
    libinit2.o(.ARM.Collect$$libinit$$00000014) refers to libinit2.o(.ARM.Collect$$libinit$$0000000D) for .ARM.Collect$$libinit$$0000000D
    libinit2.o(.ARM.Collect$$libinit$$00000016) refers to libinit2.o(.ARM.Collect$$libinit$$0000000D) for .ARM.Collect$$libinit$$0000000D
    libinit2.o(.ARM.Collect$$libinit$$00000024) refers to argv_veneer.o(.emb_text) for __ARM_argv_veneer
    libinit2.o(.ARM.Collect$$libinit$$00000025) refers to argv_veneer.o(.emb_text) for __ARM_argv_veneer
    rtexit2.o(.ARM.Collect$$rtexit$$00000003) refers to libshutdown.o(.ARM.Collect$$libshutdown$$00000000) for __rt_lib_shutdown
    rtexit2.o(.ARM.Collect$$rtexit$$00000004) refers to usart.o(.text) for _sys_exit
    rtexit2.o(.ARM.exidx) refers to rtexit2.o(.ARM.Collect$$rtexit$$00000001) for .ARM.Collect$$rtexit$$00000001
    rtexit2.o(.ARM.exidx) refers to rtexit2.o(.ARM.Collect$$rtexit$$00000003) for .ARM.Collect$$rtexit$$00000003
    rtexit2.o(.ARM.exidx) refers to rtexit2.o(.ARM.Collect$$rtexit$$00000004) for .ARM.Collect$$rtexit$$00000004
    argv_veneer.o(.emb_text) refers to no_argv.o(.text) for __ARM_get_argv
    _get_argv_nomalloc.o(.text) refers (Special) to hrguard.o(.text) for __heap_region$guard
    _get_argv_nomalloc.o(.text) refers to defsig_rtmem_outer.o(.text) for __rt_SIGRTMEM
    _get_argv_nomalloc.o(.text) refers to sys_command.o(.text) for _sys_command_string
    libshutdown.o(.ARM.Collect$$libshutdown$$00000000) refers (Special) to libshutdown2.o(.ARM.Collect$$libshutdown$$00000006) for __rt_lib_shutdown_fp_trap_1
    libshutdown.o(.ARM.Collect$$libshutdown$$00000000) refers (Special) to libshutdown2.o(.ARM.Collect$$libshutdown$$0000000E) for __rt_lib_shutdown_heap_1
    libshutdown.o(.ARM.Collect$$libshutdown$$00000000) refers (Special) to libshutdown2.o(.ARM.Collect$$libshutdown$$0000000F) for __rt_lib_shutdown_return
    libshutdown.o(.ARM.Collect$$libshutdown$$00000000) refers (Special) to libshutdown2.o(.ARM.Collect$$libshutdown$$00000009) for __rt_lib_shutdown_signal_1
    libshutdown.o(.ARM.Collect$$libshutdown$$00000000) refers (Special) to libshutdown2.o(.ARM.Collect$$libshutdown$$00000003) for __rt_lib_shutdown_stdio_1
    libshutdown.o(.ARM.Collect$$libshutdown$$00000000) refers (Special) to libshutdown2.o(.ARM.Collect$$libshutdown$$0000000B) for __rt_lib_shutdown_user_alloc_1
    sys_command.o(.text) refers (Special) to use_no_semi.o(.text) for __I$use$semihosting
    sys_command.o(.text) refers (Special) to indicate_semi.o(.text) for __semihosting_library_function
    defsig_rtmem_outer.o(.text) refers to defsig_rtmem_inner.o(.text) for __rt_SIGRTMEM_inner
    defsig_rtmem_outer.o(.text) refers to defsig_exit.o(.text) for __sig_exit
    defsig_rtmem_formal.o(.text) refers to rt_raise.o(.text) for __rt_raise
    rt_raise.o(.text) refers to __raise.o(.text) for __raise
    rt_raise.o(.text) refers to usart.o(.text) for _sys_exit
    defsig_exit.o(.text) refers to usart.o(.text) for _sys_exit
    defsig_rtmem_inner.o(.text) refers to defsig_general.o(.text) for __default_signal_display
    __raise.o(.text) refers to defsig.o(CL$$defsig) for __default_signal_handler
    defsig_general.o(.text) refers to sys_wrch.o(.text) for _ttywrch
    sys_wrch.o(.text) refers (Special) to use_no_semi.o(.text) for __I$use$semihosting
    sys_wrch.o(.text) refers (Special) to indicate_semi.o(.text) for __semihosting_library_function
    defsig.o(CL$$defsig) refers to defsig_rtmem_inner.o(.text) for __rt_SIGRTMEM_inner
    defsig_abrt_inner.o(.text) refers to defsig_general.o(.text) for __default_signal_display
    defsig_fpe_inner.o(.text) refers to defsig_general.o(.text) for __default_signal_display
    defsig_rtred_inner.o(.text) refers to defsig_general.o(.text) for __default_signal_display
    defsig_stak_inner.o(.text) refers to defsig_general.o(.text) for __default_signal_display
    defsig_pvfn_inner.o(.text) refers to defsig_general.o(.text) for __default_signal_display
    defsig_cppl_inner.o(.text) refers to defsig_general.o(.text) for __default_signal_display
    defsig_segv_inner.o(.text) refers to defsig_general.o(.text) for __default_signal_display
    defsig_other.o(.text) refers to defsig_general.o(.text) for __default_signal_display


==============================================================================

Removing Unused input sections from the image.

    Removing exti.o(.text), (212 bytes).
    Removing delay.o(.text), (208 bytes).
    Removing delay.o(.data), (4 bytes).
    Removing core_cm3.o(.emb_text), (32 bytes).
    Removing stm32f10x_exti.o(.text), (284 bytes).

5 unused section(s) (total 740 bytes) removed from the image.

==============================================================================

Image Symbol Table

    Local Symbols

    Symbol Name                              Value     Ov Type        Size  Object(Section)

    ../clib/angel/boardlib.s                 0x00000000   Number         0  boardshut.o ABSOLUTE
    ../clib/angel/boardlib.s                 0x00000000   Number         0  boardinit3.o ABSOLUTE
    ../clib/angel/boardlib.s                 0x00000000   Number         0  boardinit2.o ABSOLUTE
    ../clib/angel/boardlib.s                 0x00000000   Number         0  boardinit1.o ABSOLUTE
    ../clib/angel/handlers.s                 0x00000000   Number         0  __scatter_copy.o ABSOLUTE
    ../clib/angel/handlers.s                 0x00000000   Number         0  __scatter_zi.o ABSOLUTE
    ../clib/angel/kernel.s                   0x00000000   Number         0  rtexit.o ABSOLUTE
    ../clib/angel/kernel.s                   0x00000000   Number         0  rtentry.o ABSOLUTE
    ../clib/angel/kernel.s                   0x00000000   Number         0  rtentry4.o ABSOLUTE
    ../clib/angel/kernel.s                   0x00000000   Number         0  rtexit2.o ABSOLUTE
    ../clib/angel/kernel.s                   0x00000000   Number         0  rtentry2.o ABSOLUTE
    ../clib/angel/rt.s                       0x00000000   Number         0  rt_raise.o ABSOLUTE
    ../clib/angel/scatter.s                  0x00000000   Number         0  __scatter.o ABSOLUTE
    ../clib/angel/startup.s                  0x00000000   Number         0  __main.o ABSOLUTE
    ../clib/angel/sys.s                      0x00000000   Number         0  use_no_semi.o ABSOLUTE
    ../clib/angel/sys.s                      0x00000000   Number         0  use_no_semi_2.o ABSOLUTE
    ../clib/angel/sys.s                      0x00000000   Number         0  indicate_semi.o ABSOLUTE
    ../clib/angel/sys.s                      0x00000000   Number         0  sys_stackheap_outer.o ABSOLUTE
    ../clib/angel/sys.s                      0x00000000   Number         0  libspace.o ABSOLUTE
    ../clib/angel/sysapp.c                   0x00000000   Number         0  sys_wrch.o ABSOLUTE
    ../clib/angel/sysapp.c                   0x00000000   Number         0  sys_command.o ABSOLUTE
    ../clib/armsys.c                         0x00000000   Number         0  argv_veneer.o ABSOLUTE
    ../clib/armsys.c                         0x00000000   Number         0  argv_veneer.o ABSOLUTE
    ../clib/armsys.c                         0x00000000   Number         0  _get_argv_nomalloc.o ABSOLUTE
    ../clib/armsys.c                         0x00000000   Number         0  no_argv.o ABSOLUTE
    ../clib/heapalloc.c                      0x00000000   Number         0  hrguard.o ABSOLUTE
    ../clib/heapaux.c                        0x00000000   Number         0  heapauxi.o ABSOLUTE
    ../clib/libinit.s                        0x00000000   Number         0  libinit2.o ABSOLUTE
    ../clib/libinit.s                        0x00000000   Number         0  libshutdown.o ABSOLUTE
    ../clib/libinit.s                        0x00000000   Number         0  libinit.o ABSOLUTE
    ../clib/libinit.s                        0x00000000   Number         0  libshutdown2.o ABSOLUTE
    ../clib/memcpset.s                       0x00000000   Number         0  rt_memcpy_w.o ABSOLUTE
    ../clib/memcpset.s                       0x00000000   Number         0  rt_memcpy_v6.o ABSOLUTE
    ../clib/misc.s                           0x00000000   Number         0  printf_stubs.o ABSOLUTE
    ../clib/printf.c                         0x00000000   Number         0  __printf_flags_ss_wp.o ABSOLUTE
    ../clib/printf.c                         0x00000000   Number         0  _printf_dec.o ABSOLUTE
    ../clib/printf.c                         0x00000000   Number         0  __printf_ss.o ABSOLUTE
    ../clib/printf.c                         0x00000000   Number         0  noretval__2printf.o ABSOLUTE
    ../clib/printf.c                         0x00000000   Number         0  _printf_intcommon.o ABSOLUTE
    ../clib/printf.c                         0x00000000   Number         0  __printf_nopercent.o ABSOLUTE
    ../clib/printf.c                         0x00000000   Number         0  _printf_char_common.o ABSOLUTE
    ../clib/printf.c                         0x00000000   Number         0  __printf_flags.o ABSOLUTE
    ../clib/printf.c                         0x00000000   Number         0  __printf_ss_wp.o ABSOLUTE
    ../clib/printf.c                         0x00000000   Number         0  _printf_char_file.o ABSOLUTE
    ../clib/printf.c                         0x00000000   Number         0  _printf_char.o ABSOLUTE
    ../clib/printf.c                         0x00000000   Number         0  __printf_flags_wp.o ABSOLUTE
    ../clib/printf.c                         0x00000000   Number         0  __2printf.o ABSOLUTE
    ../clib/printf.c                         0x00000000   Number         0  __printf_wp.o ABSOLUTE
    ../clib/printf.c                         0x00000000   Number         0  __printf.o ABSOLUTE
    ../clib/printf.c                         0x00000000   Number         0  _printf_str.o ABSOLUTE
    ../clib/printf.c                         0x00000000   Number         0  __printf_flags_ss.o ABSOLUTE
    ../clib/printf_percent.s                 0x00000000   Number         0  _printf_d.o ABSOLUTE
    ../clib/printf_percent.s                 0x00000000   Number         0  _printf_s.o ABSOLUTE
    ../clib/printf_percent.s                 0x00000000   Number         0  _printf_percent_end.o ABSOLUTE
    ../clib/printf_percent.s                 0x00000000   Number         0  _printf_percent.o ABSOLUTE
    ../clib/signal.c                         0x00000000   Number         0  defsig_rtmem_inner.o ABSOLUTE
    ../clib/signal.c                         0x00000000   Number         0  defsig_rtmem_outer.o ABSOLUTE
    ../clib/signal.c                         0x00000000   Number         0  defsig_pvfn_inner.o ABSOLUTE
    ../clib/signal.c                         0x00000000   Number         0  defsig_abrt_inner.o ABSOLUTE
    ../clib/signal.c                         0x00000000   Number         0  defsig_cppl_inner.o ABSOLUTE
    ../clib/signal.c                         0x00000000   Number         0  defsig_segv_inner.o ABSOLUTE
    ../clib/signal.c                         0x00000000   Number         0  defsig_other.o ABSOLUTE
    ../clib/signal.c                         0x00000000   Number         0  defsig_general.o ABSOLUTE
    ../clib/signal.c                         0x00000000   Number         0  __raise.o ABSOLUTE
    ../clib/signal.c                         0x00000000   Number         0  defsig_rtred_inner.o ABSOLUTE
    ../clib/signal.c                         0x00000000   Number         0  defsig_exit.o ABSOLUTE
    ../clib/signal.c                         0x00000000   Number         0  defsig_stak_inner.o ABSOLUTE
    ../clib/signal.c                         0x00000000   Number         0  defsig_fpe_inner.o ABSOLUTE
    ../clib/signal.c                         0x00000000   Number         0  defsig_rtmem_formal.o ABSOLUTE
    ../clib/signal.s                         0x00000000   Number         0  defsig.o ABSOLUTE
    ../clib/stdio.c                          0x00000000   Number         0  ferror_locked.o ABSOLUTE
    ../clib/stdio.c                          0x00000000   Number         0  ferror.o ABSOLUTE
    ../clib/stdlib.c                         0x00000000   Number         0  exit.o ABSOLUTE
    ../fplib/fpinit.s                        0x00000000   Number         0  fpinit.o ABSOLUTE
    ..\CORE\core_cm3.c                       0x00000000   Number         0  core_cm3.o ABSOLUTE
    ..\CORE\startup_stm32f10x_hd.s           0x00000000   Number         0  startup_stm32f10x_hd.o ABSOLUTE
    ..\FreeRTOS\croutine.c                   0x00000000   Number         0  croutine.o ABSOLUTE
    ..\FreeRTOS\heap_2.c                     0x00000000   Number         0  heap_2.o ABSOLUTE
    ..\FreeRTOS\list.c                       0x00000000   Number         0  list.o ABSOLUTE
    ..\FreeRTOS\port.c                       0x00000000   Number         0  port.o ABSOLUTE
    ..\FreeRTOS\queue.c                      0x00000000   Number         0  queue.o ABSOLUTE
    ..\FreeRTOS\tasks.c                      0x00000000   Number         0  tasks.o ABSOLUTE
    ..\FreeRTOS\timers.c                     0x00000000   Number         0  timers.o ABSOLUTE
    ..\HARDWARE\EXTI\exti.c                  0x00000000   Number         0  exti.o ABSOLUTE
    ..\HARDWARE\KEY\key.c                    0x00000000   Number         0  key.o ABSOLUTE
    ..\HARDWARE\LED\led.c                    0x00000000   Number         0  led.o ABSOLUTE
    ..\HARDWARE\TIMER\timer.c                0x00000000   Number         0  timer.o ABSOLUTE
    ..\STM32F10x_FWLib\src\misc.c            0x00000000   Number         0  misc.o ABSOLUTE
    ..\STM32F10x_FWLib\src\stm32f10x_exti.c  0x00000000   Number         0  stm32f10x_exti.o ABSOLUTE
    ..\STM32F10x_FWLib\src\stm32f10x_gpio.c  0x00000000   Number         0  stm32f10x_gpio.o ABSOLUTE
    ..\STM32F10x_FWLib\src\stm32f10x_rcc.c   0x00000000   Number         0  stm32f10x_rcc.o ABSOLUTE
    ..\STM32F10x_FWLib\src\stm32f10x_tim.c   0x00000000   Number         0  stm32f10x_tim.o ABSOLUTE
    ..\STM32F10x_FWLib\src\stm32f10x_usart.c 0x00000000   Number         0  stm32f10x_usart.o ABSOLUTE
    ..\SYSTEM\delay\delay.c                  0x00000000   Number         0  delay.o ABSOLUTE
    ..\SYSTEM\sys\sys.c                      0x00000000   Number         0  sys.o ABSOLUTE
    ..\SYSTEM\usart\usart.c                  0x00000000   Number         0  usart.o ABSOLUTE
    ..\\CORE\\core_cm3.c                     0x00000000   Number         0  core_cm3.o ABSOLUTE
    ..\\FreeRTOS\\port.c                     0x00000000   Number         0  port.o ABSOLUTE
    dc.s                                     0x00000000   Number         0  dc.o ABSOLUTE
    main.c                                   0x00000000   Number         0  main.o ABSOLUTE
    stm32f10x_it.c                           0x00000000   Number         0  stm32f10x_it.o ABSOLUTE
    system_stm32f10x.c                       0x00000000   Number         0  system_stm32f10x.o ABSOLUTE
    RESET                                    0x08000000   Section      304  startup_stm32f10x_hd.o(RESET)
    !!!main                                  0x08000130   Section        8  __main.o(!!!main)
    !!!scatter                               0x08000138   Section       52  __scatter.o(!!!scatter)
    !!handler_copy                           0x0800016c   Section       26  __scatter_copy.o(!!handler_copy)
    !!handler_zi                             0x08000188   Section       28  __scatter_zi.o(!!handler_zi)
    .ARM.Collect$$_printf_percent$$00000000  0x080001a4   Section        0  _printf_percent.o(.ARM.Collect$$_printf_percent$$00000000)
    .ARM.Collect$$_printf_percent$$00000009  0x080001a4   Section        6  _printf_d.o(.ARM.Collect$$_printf_percent$$00000009)
    .ARM.Collect$$_printf_percent$$00000014  0x080001aa   Section        6  _printf_s.o(.ARM.Collect$$_printf_percent$$00000014)
    .ARM.Collect$$_printf_percent$$00000017  0x080001b0   Section        4  _printf_percent_end.o(.ARM.Collect$$_printf_percent$$00000017)
    .ARM.Collect$$libinit$$00000000          0x080001b4   Section        2  libinit.o(.ARM.Collect$$libinit$$00000000)
    .ARM.Collect$$libinit$$00000002          0x080001b6   Section        0  libinit2.o(.ARM.Collect$$libinit$$00000002)
    .ARM.Collect$$libinit$$00000008          0x080001b6   Section        0  libinit2.o(.ARM.Collect$$libinit$$00000008)
    .ARM.Collect$$libinit$$0000000A          0x080001b6   Section        0  libinit2.o(.ARM.Collect$$libinit$$0000000A)
    .ARM.Collect$$libinit$$0000000C          0x080001b6   Section        0  libinit2.o(.ARM.Collect$$libinit$$0000000C)
    .ARM.Collect$$libinit$$0000000F          0x080001b6   Section        0  libinit2.o(.ARM.Collect$$libinit$$0000000F)
    .ARM.Collect$$libinit$$00000011          0x080001b6   Section        0  libinit2.o(.ARM.Collect$$libinit$$00000011)
    .ARM.Collect$$libinit$$00000013          0x080001b6   Section        0  libinit2.o(.ARM.Collect$$libinit$$00000013)
    .ARM.Collect$$libinit$$00000015          0x080001b6   Section        0  libinit2.o(.ARM.Collect$$libinit$$00000015)
    .ARM.Collect$$libinit$$00000017          0x080001b6   Section        0  libinit2.o(.ARM.Collect$$libinit$$00000017)
    .ARM.Collect$$libinit$$00000019          0x080001b6   Section        0  libinit2.o(.ARM.Collect$$libinit$$00000019)
    .ARM.Collect$$libinit$$0000001B          0x080001b6   Section        0  libinit2.o(.ARM.Collect$$libinit$$0000001B)
    .ARM.Collect$$libinit$$0000001D          0x080001b6   Section        0  libinit2.o(.ARM.Collect$$libinit$$0000001D)
    .ARM.Collect$$libinit$$0000001F          0x080001b6   Section        0  libinit2.o(.ARM.Collect$$libinit$$0000001F)
    .ARM.Collect$$libinit$$00000021          0x080001b6   Section        0  libinit2.o(.ARM.Collect$$libinit$$00000021)
    .ARM.Collect$$libinit$$00000023          0x080001b6   Section        0  libinit2.o(.ARM.Collect$$libinit$$00000023)
    .ARM.Collect$$libinit$$0000002A          0x080001b6   Section        0  libinit2.o(.ARM.Collect$$libinit$$0000002A)
    .ARM.Collect$$libinit$$0000002C          0x080001b6   Section        0  libinit2.o(.ARM.Collect$$libinit$$0000002C)
    .ARM.Collect$$libinit$$0000002E          0x080001b6   Section        0  libinit2.o(.ARM.Collect$$libinit$$0000002E)
    .ARM.Collect$$libinit$$00000030          0x080001b6   Section        0  libinit2.o(.ARM.Collect$$libinit$$00000030)
    .ARM.Collect$$libinit$$00000031          0x080001b6   Section        2  libinit2.o(.ARM.Collect$$libinit$$00000031)
    .ARM.Collect$$libshutdown$$00000000      0x080001b8   Section        2  libshutdown.o(.ARM.Collect$$libshutdown$$00000000)
    .ARM.Collect$$libshutdown$$00000003      0x080001ba   Section        0  libshutdown2.o(.ARM.Collect$$libshutdown$$00000003)
    .ARM.Collect$$libshutdown$$00000006      0x080001ba   Section        0  libshutdown2.o(.ARM.Collect$$libshutdown$$00000006)
    .ARM.Collect$$libshutdown$$00000009      0x080001ba   Section        0  libshutdown2.o(.ARM.Collect$$libshutdown$$00000009)
    .ARM.Collect$$libshutdown$$0000000B      0x080001ba   Section        0  libshutdown2.o(.ARM.Collect$$libshutdown$$0000000B)
    .ARM.Collect$$libshutdown$$0000000E      0x080001ba   Section        0  libshutdown2.o(.ARM.Collect$$libshutdown$$0000000E)
    .ARM.Collect$$libshutdown$$0000000F      0x080001ba   Section        2  libshutdown2.o(.ARM.Collect$$libshutdown$$0000000F)
    .ARM.Collect$$rtentry$$00000000          0x080001bc   Section        0  rtentry.o(.ARM.Collect$$rtentry$$00000000)
    .ARM.Collect$$rtentry$$00000002          0x080001bc   Section        0  rtentry2.o(.ARM.Collect$$rtentry$$00000002)
    .ARM.Collect$$rtentry$$00000004          0x080001bc   Section        6  rtentry4.o(.ARM.Collect$$rtentry$$00000004)
    .ARM.Collect$$rtentry$$00000009          0x080001c2   Section        0  rtentry2.o(.ARM.Collect$$rtentry$$00000009)
    .ARM.Collect$$rtentry$$0000000A          0x080001c2   Section        4  rtentry2.o(.ARM.Collect$$rtentry$$0000000A)
    .ARM.Collect$$rtentry$$0000000C          0x080001c6   Section        0  rtentry2.o(.ARM.Collect$$rtentry$$0000000C)
    .ARM.Collect$$rtentry$$0000000D          0x080001c6   Section        8  rtentry2.o(.ARM.Collect$$rtentry$$0000000D)
    .ARM.Collect$$rtexit$$00000000           0x080001ce   Section        2  rtexit.o(.ARM.Collect$$rtexit$$00000000)
    .ARM.Collect$$rtexit$$00000002           0x080001d0   Section        0  rtexit2.o(.ARM.Collect$$rtexit$$00000002)
    .ARM.Collect$$rtexit$$00000003           0x080001d0   Section        4  rtexit2.o(.ARM.Collect$$rtexit$$00000003)
    .ARM.Collect$$rtexit$$00000004           0x080001d4   Section        6  rtexit2.o(.ARM.Collect$$rtexit$$00000004)
    .emb_text                                0x080001dc   Section      162  port.o(.emb_text)
    .text                                    0x08000280   Section        0  main.o(.text)
    .text                                    0x0800055c   Section        0  stm32f10x_it.o(.text)
    .text                                    0x08000578   Section        0  system_stm32f10x.o(.text)
    SetSysClockTo72                          0x08000579   Thumb Code   212  system_stm32f10x.o(.text)
    SetSysClock                              0x0800064d   Thumb Code     8  system_stm32f10x.o(.text)
    .text                                    0x08000754   Section        0  led.o(.text)
    .text                                    0x080007a4   Section        0  key.o(.text)
    .text                                    0x0800095c   Section        0  timer.o(.text)
    .text                                    0x080009dc   Section        0  sys.o(.text)
    .text                                    0x080009e8   Section        0  usart.o(.text)
    .text                                    0x08000b2c   Section       64  startup_stm32f10x_hd.o(.text)
    .text                                    0x08000b6c   Section        0  stm32f10x_gpio.o(.text)
    .text                                    0x08000ec4   Section        0  stm32f10x_rcc.o(.text)
    .text                                    0x08001268   Section        0  stm32f10x_usart.o(.text)
    .text                                    0x08001670   Section        0  stm32f10x_tim.o(.text)
    TI4_Config                               0x08001b17   Thumb Code   130  stm32f10x_tim.o(.text)
    TI3_Config                               0x08001bab   Thumb Code   122  stm32f10x_tim.o(.text)
    TI2_Config                               0x08001c3f   Thumb Code   130  stm32f10x_tim.o(.text)
    TI1_Config                               0x08001cd3   Thumb Code   108  stm32f10x_tim.o(.text)
    .text                                    0x0800248c   Section        0  misc.o(.text)
    .text                                    0x08002568   Section        0  heap_2.o(.text)
    prvHeapInit                              0x08002569   Thumb Code    42  heap_2.o(.text)
    .text                                    0x0800268c   Section        0  list.o(.text)
    .text                                    0x08002720   Section        0  port.o(.text)
    prvTaskExitError                         0x08002721   Thumb Code     8  port.o(.text)
    .text                                    0x080027f4   Section        0  queue.o(.text)
    prvUnlockQueue                           0x080028c3   Thumb Code   126  queue.o(.text)
    prvIsQueueFull                           0x08002941   Thumb Code    30  queue.o(.text)
    prvCopyDataToQueue                       0x0800295f   Thumb Code   110  queue.o(.text)
    prvIsQueueEmpty                          0x08002b77   Thumb Code    26  queue.o(.text)
    prvCopyDataFromQueue                     0x08002b91   Thumb Code    42  queue.o(.text)
    .text                                    0x08002da4   Section        0  tasks.o(.text)
    prvInitialiseTaskLists                   0x08002da5   Thumb Code    70  tasks.o(.text)
    prvInitialiseTCBVariables                0x08002deb   Thumb Code    92  tasks.o(.text)
    prvAllocateTCBAndStack                   0x08002e47   Thumb Code    54  tasks.o(.text)
    prvResetNextTaskUnblockTime              0x08002f5f   Thumb Code    42  tasks.o(.text)
    prvAddCurrentTaskToDelayedList           0x08003211   Thumb Code    62  tasks.o(.text)
    prvTaskIsTaskSuspended                   0x08003513   Thumb Code    56  tasks.o(.text)
    prvDeleteTCB                             0x08003655   Thumb Code    18  tasks.o(.text)
    prvCheckTasksWaitingTermination          0x08003667   Thumb Code    86  tasks.o(.text)
    prvIdleTask                              0x080036bd   Thumb Code    20  tasks.o(.text)
    .text                                    0x08003ce8   Section        2  use_no_semi_2.o(.text)
    .text                                    0x08003cec   Section        0  noretval__2printf.o(.text)
    .text                                    0x08003d04   Section        0  _printf_str.o(.text)
    .text                                    0x08003d58   Section        0  _printf_dec.o(.text)
    .text                                    0x08003dd0   Section        0  __printf_ss.o(.text)
    .text                                    0x08003e88   Section      138  rt_memcpy_v6.o(.text)
    .text                                    0x08003f12   Section        0  heapauxi.o(.text)
    .text                                    0x08003f18   Section        2  use_no_semi.o(.text)
    .text                                    0x08003f1a   Section        0  _printf_intcommon.o(.text)
    .text                                    0x08003fd2   Section        0  _printf_char.o(.text)
    .text                                    0x08004000   Section        0  _printf_char_file.o(.text)
    .text                                    0x08004024   Section      100  rt_memcpy_w.o(.text)
    .text                                    0x08004088   Section        0  _printf_char_common.o(.text)
    _printf_input_char                       0x08004089   Thumb Code    10  _printf_char_common.o(.text)
    .text                                    0x080040b8   Section        0  ferror.o(.text)
    .text                                    0x080040c0   Section       74  sys_stackheap_outer.o(.text)
    .text                                    0x0800410a   Section        0  exit.o(.text)
    .text                                    0x08004118   Section        8  libspace.o(.text)
    .conststring                             0x08004120   Section       67  main.o(.conststring)
    .data                                    0x20000000   Section       32  main.o(.data)
    pcString                                 0x20000000   Data          16  main.o(.data)
    state                                    0x20000010   Data           1  main.o(.data)
    cnt                                      0x20000014   Data           4  main.o(.data)
    .data                                    0x20000020   Section       20  system_stm32f10x.o(.data)
    .data                                    0x20000034   Section       17  key.o(.data)
    keyCounterL                              0x2000003c   Data           4  key.o(.data)
    keyCounterS                              0x20000040   Data           4  key.o(.data)
    .data                                    0x20000048   Section        8  usart.o(.data)
    .data                                    0x20000050   Section       20  stm32f10x_rcc.o(.data)
    APBAHBPrescTable                         0x20000050   Data          16  stm32f10x_rcc.o(.data)
    ADCPrescTable                            0x20000060   Data           4  stm32f10x_rcc.o(.data)
    .data                                    0x20000064   Section       24  heap_2.o(.data)
    xFreeBytesRemaining                      0x20000064   Data           4  heap_2.o(.data)
    xHeapHasBeenInitialised                  0x20000068   Data           4  heap_2.o(.data)
    xStart                                   0x2000006c   Data           8  heap_2.o(.data)
    xEnd                                     0x20000074   Data           8  heap_2.o(.data)
    .data                                    0x2000007c   Section        4  port.o(.data)
    uxCriticalNesting                        0x2000007c   Data           4  port.o(.data)
    .data                                    0x20000080   Section       56  tasks.o(.data)
    uxTasksDeleted                           0x20000084   Data           4  tasks.o(.data)
    uxCurrentNumberOfTasks                   0x20000088   Data           4  tasks.o(.data)
    xTickCount                               0x2000008c   Data           4  tasks.o(.data)
    uxTopReadyPriority                       0x20000090   Data           4  tasks.o(.data)
    xSchedulerRunning                        0x20000094   Data           4  tasks.o(.data)
    uxPendedTicks                            0x20000098   Data           4  tasks.o(.data)
    xYieldPending                            0x2000009c   Data           4  tasks.o(.data)
    xNumOfOverflows                          0x200000a0   Data           4  tasks.o(.data)
    uxTaskNumber                             0x200000a4   Data           4  tasks.o(.data)
    xNextTaskUnblockTime                     0x200000a8   Data           4  tasks.o(.data)
    uxSchedulerSuspended                     0x200000ac   Data           4  tasks.o(.data)
    pxDelayedTaskList                        0x200000b0   Data           4  tasks.o(.data)
    pxOverflowDelayedTaskList                0x200000b4   Data           4  tasks.o(.data)
    .bss                                     0x200000b8   Section      200  usart.o(.bss)
    .bss                                     0x20000180   Section    17408  heap_2.o(.bss)
    ucHeap                                   0x20000180   Data       17408  heap_2.o(.bss)
    .bss                                     0x20004580   Section      200  tasks.o(.bss)
    pxReadyTasksLists                        0x20004580   Data         100  tasks.o(.bss)
    xDelayedTaskList1                        0x200045e4   Data          20  tasks.o(.bss)
    xDelayedTaskList2                        0x200045f8   Data          20  tasks.o(.bss)
    xPendingReadyList                        0x2000460c   Data          20  tasks.o(.bss)
    xTasksWaitingTermination                 0x20004620   Data          20  tasks.o(.bss)
    xSuspendedTaskList                       0x20004634   Data          20  tasks.o(.bss)
    .bss                                     0x20004648   Section       96  libspace.o(.bss)
    HEAP                                     0x200046a8   Section      512  startup_stm32f10x_hd.o(HEAP)
    Heap_Mem                                 0x200046a8   Data         512  startup_stm32f10x_hd.o(HEAP)
    STACK                                    0x200048a8   Section     1024  startup_stm32f10x_hd.o(STACK)
    Stack_Mem                                0x200048a8   Data        1024  startup_stm32f10x_hd.o(STACK)
    __initial_sp                             0x20004ca8   Data           0  startup_stm32f10x_hd.o(STACK)

    Global Symbols

    Symbol Name                              Value     Ov Type        Size  Object(Section)

    BuildAttributes$$THM_ISAv4$P$D$K$B$S$PE$A:L22UL41UL21$X:L11$S22US41US21$IEEE1$IW$USESV6$~STKCKD$USESV7$~SHL$OSPACE$ROPI$EBA8$UX$STANDARDLIB$REQ8$PRES8$EABIv2 0x00000000   Number         0  anon$$obj.o ABSOLUTE
    __ARM_use_no_argv                        0x00000000   Number         0  main.o ABSOLUTE
    _printf_flags                            0x00000000   Number         0  printf_stubs.o ABSOLUTE
    _printf_return_value                     0x00000000   Number         0  printf_stubs.o ABSOLUTE
    _printf_sizespec                         0x00000000   Number         0  printf_stubs.o ABSOLUTE
    _printf_widthprec                        0x00000000   Number         0  printf_stubs.o ABSOLUTE
    __ARM_exceptions_init                     - Undefined Weak Reference
    __alloca_initialize                       - Undefined Weak Reference
    __cpp_initialize__aeabi_                  - Undefined Weak Reference
    __cxa_finalize                            - Undefined Weak Reference
    __rt_locale                               - Undefined Weak Reference
    __sigvec_lookup                           - Undefined Weak Reference
    _atexit_init                              - Undefined Weak Reference
    _call_atexit_fns                          - Undefined Weak Reference
    _clock_init                               - Undefined Weak Reference
    _fp_trap_init                             - Undefined Weak Reference
    _fp_trap_shutdown                         - Undefined Weak Reference
    _get_lc_collate                           - Undefined Weak Reference
    _get_lc_ctype                             - Undefined Weak Reference
    _get_lc_monetary                          - Undefined Weak Reference
    _get_lc_numeric                           - Undefined Weak Reference
    _get_lc_time                              - Undefined Weak Reference
    _getenv_init                              - Undefined Weak Reference
    _handle_redirection                       - Undefined Weak Reference
    _init_alloc                               - Undefined Weak Reference
    _init_user_alloc                          - Undefined Weak Reference
    _initio                                   - Undefined Weak Reference
    _mutex_acquire                            - Undefined Weak Reference
    _mutex_release                            - Undefined Weak Reference
    _printf_mbtowc                            - Undefined Weak Reference
    _printf_post_padding                      - Undefined Weak Reference
    _printf_pre_padding                       - Undefined Weak Reference
    _printf_truncate_signed                   - Undefined Weak Reference
    _printf_truncate_unsigned                 - Undefined Weak Reference
    _rand_init                                - Undefined Weak Reference
    _signal_finish                            - Undefined Weak Reference
    _signal_init                              - Undefined Weak Reference
    _terminate_alloc                          - Undefined Weak Reference
    _terminate_user_alloc                     - Undefined Weak Reference
    _terminateio                              - Undefined Weak Reference
    __Vectors_Size                           0x00000130   Number         0  startup_stm32f10x_hd.o ABSOLUTE
    __Vectors                                0x08000000   Data           4  startup_stm32f10x_hd.o(RESET)
    __Vectors_End                            0x08000130   Data           0  startup_stm32f10x_hd.o(RESET)
    __main                                   0x08000131   Thumb Code     8  __main.o(!!!main)
    __scatterload                            0x08000139   Thumb Code     0  __scatter.o(!!!scatter)
    __scatterload_rt2                        0x08000139   Thumb Code    44  __scatter.o(!!!scatter)
    __scatterload_rt2_thumb_only             0x08000139   Thumb Code     0  __scatter.o(!!!scatter)
    __scatterload_null                       0x08000147   Thumb Code     0  __scatter.o(!!!scatter)
    __scatterload_copy                       0x0800016d   Thumb Code    26  __scatter_copy.o(!!handler_copy)
    __scatterload_zeroinit                   0x08000189   Thumb Code    28  __scatter_zi.o(!!handler_zi)
    _printf_d                                0x080001a5   Thumb Code     0  _printf_d.o(.ARM.Collect$$_printf_percent$$00000009)
    _printf_percent                          0x080001a5   Thumb Code     0  _printf_percent.o(.ARM.Collect$$_printf_percent$$00000000)
    _printf_s                                0x080001ab   Thumb Code     0  _printf_s.o(.ARM.Collect$$_printf_percent$$00000014)
    _printf_percent_end                      0x080001b1   Thumb Code     0  _printf_percent_end.o(.ARM.Collect$$_printf_percent$$00000017)
    __rt_lib_init                            0x080001b5   Thumb Code     0  libinit.o(.ARM.Collect$$libinit$$00000000)
    __rt_lib_init_alloca_1                   0x080001b7   Thumb Code     0  libinit2.o(.ARM.Collect$$libinit$$0000002C)
    __rt_lib_init_argv_1                     0x080001b7   Thumb Code     0  libinit2.o(.ARM.Collect$$libinit$$0000002A)
    __rt_lib_init_atexit_1                   0x080001b7   Thumb Code     0  libinit2.o(.ARM.Collect$$libinit$$00000019)
    __rt_lib_init_clock_1                    0x080001b7   Thumb Code     0  libinit2.o(.ARM.Collect$$libinit$$0000001F)
    __rt_lib_init_cpp_1                      0x080001b7   Thumb Code     0  libinit2.o(.ARM.Collect$$libinit$$00000030)
    __rt_lib_init_exceptions_1               0x080001b7   Thumb Code     0  libinit2.o(.ARM.Collect$$libinit$$0000002E)
    __rt_lib_init_fp_1                       0x080001b7   Thumb Code     0  libinit2.o(.ARM.Collect$$libinit$$00000002)
    __rt_lib_init_fp_trap_1                  0x080001b7   Thumb Code     0  libinit2.o(.ARM.Collect$$libinit$$0000001D)
    __rt_lib_init_getenv_1                   0x080001b7   Thumb Code     0  libinit2.o(.ARM.Collect$$libinit$$00000021)
    __rt_lib_init_heap_1                     0x080001b7   Thumb Code     0  libinit2.o(.ARM.Collect$$libinit$$00000008)
    __rt_lib_init_lc_collate_1               0x080001b7   Thumb Code     0  libinit2.o(.ARM.Collect$$libinit$$0000000F)
    __rt_lib_init_lc_ctype_1                 0x080001b7   Thumb Code     0  libinit2.o(.ARM.Collect$$libinit$$00000011)
    __rt_lib_init_lc_monetary_1              0x080001b7   Thumb Code     0  libinit2.o(.ARM.Collect$$libinit$$00000013)
    __rt_lib_init_lc_numeric_1               0x080001b7   Thumb Code     0  libinit2.o(.ARM.Collect$$libinit$$00000015)
    __rt_lib_init_lc_time_1                  0x080001b7   Thumb Code     0  libinit2.o(.ARM.Collect$$libinit$$00000017)
    __rt_lib_init_rand_1                     0x080001b7   Thumb Code     0  libinit2.o(.ARM.Collect$$libinit$$0000000C)
    __rt_lib_init_return                     0x080001b7   Thumb Code     0  libinit2.o(.ARM.Collect$$libinit$$00000031)
    __rt_lib_init_signal_1                   0x080001b7   Thumb Code     0  libinit2.o(.ARM.Collect$$libinit$$0000001B)
    __rt_lib_init_stdio_1                    0x080001b7   Thumb Code     0  libinit2.o(.ARM.Collect$$libinit$$00000023)
    __rt_lib_init_user_alloc_1               0x080001b7   Thumb Code     0  libinit2.o(.ARM.Collect$$libinit$$0000000A)
    __rt_lib_shutdown                        0x080001b9   Thumb Code     0  libshutdown.o(.ARM.Collect$$libshutdown$$00000000)
    __rt_lib_shutdown_fp_trap_1              0x080001bb   Thumb Code     0  libshutdown2.o(.ARM.Collect$$libshutdown$$00000006)
    __rt_lib_shutdown_heap_1                 0x080001bb   Thumb Code     0  libshutdown2.o(.ARM.Collect$$libshutdown$$0000000E)
    __rt_lib_shutdown_return                 0x080001bb   Thumb Code     0  libshutdown2.o(.ARM.Collect$$libshutdown$$0000000F)
    __rt_lib_shutdown_signal_1               0x080001bb   Thumb Code     0  libshutdown2.o(.ARM.Collect$$libshutdown$$00000009)
    __rt_lib_shutdown_stdio_1                0x080001bb   Thumb Code     0  libshutdown2.o(.ARM.Collect$$libshutdown$$00000003)
    __rt_lib_shutdown_user_alloc_1           0x080001bb   Thumb Code     0  libshutdown2.o(.ARM.Collect$$libshutdown$$0000000B)
    __rt_entry                               0x080001bd   Thumb Code     0  rtentry.o(.ARM.Collect$$rtentry$$00000000)
    __rt_entry_presh_1                       0x080001bd   Thumb Code     0  rtentry2.o(.ARM.Collect$$rtentry$$00000002)
    __rt_entry_sh                            0x080001bd   Thumb Code     0  rtentry4.o(.ARM.Collect$$rtentry$$00000004)
    __rt_entry_li                            0x080001c3   Thumb Code     0  rtentry2.o(.ARM.Collect$$rtentry$$0000000A)
    __rt_entry_postsh_1                      0x080001c3   Thumb Code     0  rtentry2.o(.ARM.Collect$$rtentry$$00000009)
    __rt_entry_main                          0x080001c7   Thumb Code     0  rtentry2.o(.ARM.Collect$$rtentry$$0000000D)
    __rt_entry_postli_1                      0x080001c7   Thumb Code     0  rtentry2.o(.ARM.Collect$$rtentry$$0000000C)
    __rt_exit                                0x080001cf   Thumb Code     0  rtexit.o(.ARM.Collect$$rtexit$$00000000)
    __rt_exit_ls                             0x080001d1   Thumb Code     0  rtexit2.o(.ARM.Collect$$rtexit$$00000003)
    __rt_exit_prels_1                        0x080001d1   Thumb Code     0  rtexit2.o(.ARM.Collect$$rtexit$$00000002)
    __rt_exit_exit                           0x080001d5   Thumb Code     0  rtexit2.o(.ARM.Collect$$rtexit$$00000004)
    vPortSVCHandler                          0x080001dd   Thumb Code    32  port.o(.emb_text)
    __asm___6_port_c_39a90d8d__prvStartFirstTask 0x08000201   Thumb Code    28  port.o(.emb_text)
    xPortPendSVHandler                       0x08000221   Thumb Code    64  port.o(.emb_text)
    ulPortSetInterruptMask                   0x08000265   Thumb Code    14  port.o(.emb_text)
    vPortClearInterruptMask                  0x08000273   Thumb Code     6  port.o(.emb_text)
    vPortGetIPSR                             0x08000279   Thumb Code     6  port.o(.emb_text)
    board_Init                               0x08000281   Thumb Code    34  main.o(.text)
    keyScan_Task                             0x080002a3   Thumb Code   124  main.o(.text)
    LED_task                                 0x0800031f   Thumb Code    42  main.o(.text)
    PrintTask                                0x08000349   Thumb Code    28  main.o(.text)
    main                                     0x08000365   Thumb Code   152  main.o(.text)
    TIM3_IRQHandler                          0x080003fd   Thumb Code   134  main.o(.text)
    NMI_Handler                              0x0800055d   Thumb Code     2  stm32f10x_it.o(.text)
    HardFault_Handler                        0x0800055f   Thumb Code     4  stm32f10x_it.o(.text)
    MemManage_Handler                        0x08000563   Thumb Code     4  stm32f10x_it.o(.text)
    BusFault_Handler                         0x08000567   Thumb Code     4  stm32f10x_it.o(.text)
    UsageFault_Handler                       0x0800056b   Thumb Code     4  stm32f10x_it.o(.text)
    SVC_Handler                              0x0800056f   Thumb Code     2  stm32f10x_it.o(.text)
    DebugMon_Handler                         0x08000571   Thumb Code     2  stm32f10x_it.o(.text)
    PendSV_Handler                           0x08000573   Thumb Code     2  stm32f10x_it.o(.text)
    SysTick_Handler                          0x08000575   Thumb Code     2  stm32f10x_it.o(.text)
    SystemInit                               0x08000655   Thumb Code    78  system_stm32f10x.o(.text)
    SystemCoreClockUpdate                    0x080006a3   Thumb Code   142  system_stm32f10x.o(.text)
    LED_Init                                 0x08000755   Thumb Code    72  led.o(.text)
    keyScan_writeBuff                        0x080007a5   Thumb Code    64  key.o(.text)
    keyScan_readBuff                         0x080007e5   Thumb Code    62  key.o(.text)
    keyScan                                  0x08000823   Thumb Code   192  key.o(.text)
    KEY_Init                                 0x080008e3   Thumb Code    82  key.o(.text)
    TIM3_Int_Init                            0x0800095d   Thumb Code   114  timer.o(.text)
    NVIC_Configuration                       0x080009dd   Thumb Code    12  sys.o(.text)
    _sys_exit                                0x080009e9   Thumb Code     6  usart.o(.text)
    fputc                                    0x080009ef   Thumb Code    22  usart.o(.text)
    uart_init                                0x08000a05   Thumb Code   158  usart.o(.text)
    USART1_IRQHandler                        0x08000aa3   Thumb Code   122  usart.o(.text)
    Reset_Handler                            0x08000b2d   Thumb Code     8  startup_stm32f10x_hd.o(.text)
    ADC1_2_IRQHandler                        0x08000b47   Thumb Code     0  startup_stm32f10x_hd.o(.text)
    ADC3_IRQHandler                          0x08000b47   Thumb Code     0  startup_stm32f10x_hd.o(.text)
    CAN1_RX1_IRQHandler                      0x08000b47   Thumb Code     0  startup_stm32f10x_hd.o(.text)
    CAN1_SCE_IRQHandler                      0x08000b47   Thumb Code     0  startup_stm32f10x_hd.o(.text)
    DMA1_Channel1_IRQHandler                 0x08000b47   Thumb Code     0  startup_stm32f10x_hd.o(.text)
    DMA1_Channel2_IRQHandler                 0x08000b47   Thumb Code     0  startup_stm32f10x_hd.o(.text)
    DMA1_Channel3_IRQHandler                 0x08000b47   Thumb Code     0  startup_stm32f10x_hd.o(.text)
    DMA1_Channel4_IRQHandler                 0x08000b47   Thumb Code     0  startup_stm32f10x_hd.o(.text)
    DMA1_Channel5_IRQHandler                 0x08000b47   Thumb Code     0  startup_stm32f10x_hd.o(.text)
    DMA1_Channel6_IRQHandler                 0x08000b47   Thumb Code     0  startup_stm32f10x_hd.o(.text)
    DMA1_Channel7_IRQHandler                 0x08000b47   Thumb Code     0  startup_stm32f10x_hd.o(.text)
    DMA2_Channel1_IRQHandler                 0x08000b47   Thumb Code     0  startup_stm32f10x_hd.o(.text)
    DMA2_Channel2_IRQHandler                 0x08000b47   Thumb Code     0  startup_stm32f10x_hd.o(.text)
    DMA2_Channel3_IRQHandler                 0x08000b47   Thumb Code     0  startup_stm32f10x_hd.o(.text)
    DMA2_Channel4_5_IRQHandler               0x08000b47   Thumb Code     0  startup_stm32f10x_hd.o(.text)
    EXTI0_IRQHandler                         0x08000b47   Thumb Code     0  startup_stm32f10x_hd.o(.text)
    EXTI15_10_IRQHandler                     0x08000b47   Thumb Code     0  startup_stm32f10x_hd.o(.text)
    EXTI1_IRQHandler                         0x08000b47   Thumb Code     0  startup_stm32f10x_hd.o(.text)
    EXTI2_IRQHandler                         0x08000b47   Thumb Code     0  startup_stm32f10x_hd.o(.text)
    EXTI3_IRQHandler                         0x08000b47   Thumb Code     0  startup_stm32f10x_hd.o(.text)
    EXTI4_IRQHandler                         0x08000b47   Thumb Code     0  startup_stm32f10x_hd.o(.text)
    EXTI9_5_IRQHandler                       0x08000b47   Thumb Code     0  startup_stm32f10x_hd.o(.text)
    FLASH_IRQHandler                         0x08000b47   Thumb Code     0  startup_stm32f10x_hd.o(.text)
    FSMC_IRQHandler                          0x08000b47   Thumb Code     0  startup_stm32f10x_hd.o(.text)
    I2C1_ER_IRQHandler                       0x08000b47   Thumb Code     0  startup_stm32f10x_hd.o(.text)
    I2C1_EV_IRQHandler                       0x08000b47   Thumb Code     0  startup_stm32f10x_hd.o(.text)
    I2C2_ER_IRQHandler                       0x08000b47   Thumb Code     0  startup_stm32f10x_hd.o(.text)
    I2C2_EV_IRQHandler                       0x08000b47   Thumb Code     0  startup_stm32f10x_hd.o(.text)
    PVD_IRQHandler                           0x08000b47   Thumb Code     0  startup_stm32f10x_hd.o(.text)
    RCC_IRQHandler                           0x08000b47   Thumb Code     0  startup_stm32f10x_hd.o(.text)
    RTCAlarm_IRQHandler                      0x08000b47   Thumb Code     0  startup_stm32f10x_hd.o(.text)
    RTC_IRQHandler                           0x08000b47   Thumb Code     0  startup_stm32f10x_hd.o(.text)
    SDIO_IRQHandler                          0x08000b47   Thumb Code     0  startup_stm32f10x_hd.o(.text)
    SPI1_IRQHandler                          0x08000b47   Thumb Code     0  startup_stm32f10x_hd.o(.text)
    SPI2_IRQHandler                          0x08000b47   Thumb Code     0  startup_stm32f10x_hd.o(.text)
    SPI3_IRQHandler                          0x08000b47   Thumb Code     0  startup_stm32f10x_hd.o(.text)
    TAMPER_IRQHandler                        0x08000b47   Thumb Code     0  startup_stm32f10x_hd.o(.text)
    TIM1_BRK_IRQHandler                      0x08000b47   Thumb Code     0  startup_stm32f10x_hd.o(.text)
    TIM1_CC_IRQHandler                       0x08000b47   Thumb Code     0  startup_stm32f10x_hd.o(.text)
    TIM1_TRG_COM_IRQHandler                  0x08000b47   Thumb Code     0  startup_stm32f10x_hd.o(.text)
    TIM1_UP_IRQHandler                       0x08000b47   Thumb Code     0  startup_stm32f10x_hd.o(.text)
    TIM2_IRQHandler                          0x08000b47   Thumb Code     0  startup_stm32f10x_hd.o(.text)
    TIM4_IRQHandler                          0x08000b47   Thumb Code     0  startup_stm32f10x_hd.o(.text)
    TIM5_IRQHandler                          0x08000b47   Thumb Code     0  startup_stm32f10x_hd.o(.text)
    TIM6_IRQHandler                          0x08000b47   Thumb Code     0  startup_stm32f10x_hd.o(.text)
    TIM7_IRQHandler                          0x08000b47   Thumb Code     0  startup_stm32f10x_hd.o(.text)
    TIM8_BRK_IRQHandler                      0x08000b47   Thumb Code     0  startup_stm32f10x_hd.o(.text)
    TIM8_CC_IRQHandler                       0x08000b47   Thumb Code     0  startup_stm32f10x_hd.o(.text)
    TIM8_TRG_COM_IRQHandler                  0x08000b47   Thumb Code     0  startup_stm32f10x_hd.o(.text)
    TIM8_UP_IRQHandler                       0x08000b47   Thumb Code     0  startup_stm32f10x_hd.o(.text)
    UART4_IRQHandler                         0x08000b47   Thumb Code     0  startup_stm32f10x_hd.o(.text)
    UART5_IRQHandler                         0x08000b47   Thumb Code     0  startup_stm32f10x_hd.o(.text)
    USART2_IRQHandler                        0x08000b47   Thumb Code     0  startup_stm32f10x_hd.o(.text)
    USART3_IRQHandler                        0x08000b47   Thumb Code     0  startup_stm32f10x_hd.o(.text)
    USBWakeUp_IRQHandler                     0x08000b47   Thumb Code     0  startup_stm32f10x_hd.o(.text)
    USB_HP_CAN1_TX_IRQHandler                0x08000b47   Thumb Code     0  startup_stm32f10x_hd.o(.text)
    USB_LP_CAN1_RX0_IRQHandler               0x08000b47   Thumb Code     0  startup_stm32f10x_hd.o(.text)
    WWDG_IRQHandler                          0x08000b47   Thumb Code     0  startup_stm32f10x_hd.o(.text)
    __user_initial_stackheap                 0x08000b49   Thumb Code     0  startup_stm32f10x_hd.o(.text)
    GPIO_DeInit                              0x08000b6d   Thumb Code   172  stm32f10x_gpio.o(.text)
    GPIO_AFIODeInit                          0x08000c19   Thumb Code    20  stm32f10x_gpio.o(.text)
    GPIO_Init                                0x08000c2d   Thumb Code   274  stm32f10x_gpio.o(.text)
    GPIO_StructInit                          0x08000d3f   Thumb Code    16  stm32f10x_gpio.o(.text)
    GPIO_ReadInputDataBit                    0x08000d4f   Thumb Code    18  stm32f10x_gpio.o(.text)
    GPIO_ReadInputData                       0x08000d61   Thumb Code     8  stm32f10x_gpio.o(.text)
    GPIO_ReadOutputDataBit                   0x08000d69   Thumb Code    18  stm32f10x_gpio.o(.text)
    GPIO_ReadOutputData                      0x08000d7b   Thumb Code     8  stm32f10x_gpio.o(.text)
    GPIO_SetBits                             0x08000d83   Thumb Code     4  stm32f10x_gpio.o(.text)
    GPIO_ResetBits                           0x08000d87   Thumb Code     4  stm32f10x_gpio.o(.text)
    GPIO_WriteBit                            0x08000d8b   Thumb Code    10  stm32f10x_gpio.o(.text)
    GPIO_Write                               0x08000d95   Thumb Code     4  stm32f10x_gpio.o(.text)
    GPIO_PinLockConfig                       0x08000d99   Thumb Code    18  stm32f10x_gpio.o(.text)
    GPIO_EventOutputConfig                   0x08000dab   Thumb Code    26  stm32f10x_gpio.o(.text)
    GPIO_EventOutputCmd                      0x08000dc5   Thumb Code     6  stm32f10x_gpio.o(.text)
    GPIO_PinRemapConfig                      0x08000dcb   Thumb Code   138  stm32f10x_gpio.o(.text)
    GPIO_EXTILineConfig                      0x08000e55   Thumb Code    66  stm32f10x_gpio.o(.text)
    GPIO_ETH_MediaInterfaceConfig            0x08000e97   Thumb Code     6  stm32f10x_gpio.o(.text)
    RCC_DeInit                               0x08000ec5   Thumb Code    64  stm32f10x_rcc.o(.text)
    RCC_HSEConfig                            0x08000f05   Thumb Code    70  stm32f10x_rcc.o(.text)
    RCC_GetFlagStatus                        0x08000f4b   Thumb Code    56  stm32f10x_rcc.o(.text)
    RCC_WaitForHSEStartUp                    0x08000f83   Thumb Code    56  stm32f10x_rcc.o(.text)
    RCC_AdjustHSICalibrationValue            0x08000fbb   Thumb Code    20  stm32f10x_rcc.o(.text)
    RCC_HSICmd                               0x08000fcf   Thumb Code     6  stm32f10x_rcc.o(.text)
    RCC_PLLConfig                            0x08000fd5   Thumb Code    24  stm32f10x_rcc.o(.text)
    RCC_PLLCmd                               0x08000fed   Thumb Code     6  stm32f10x_rcc.o(.text)
    RCC_SYSCLKConfig                         0x08000ff3   Thumb Code    18  stm32f10x_rcc.o(.text)
    RCC_GetSYSCLKSource                      0x08001005   Thumb Code    10  stm32f10x_rcc.o(.text)
    RCC_HCLKConfig                           0x0800100f   Thumb Code    18  stm32f10x_rcc.o(.text)
    RCC_PCLK1Config                          0x08001021   Thumb Code    18  stm32f10x_rcc.o(.text)
    RCC_PCLK2Config                          0x08001033   Thumb Code    20  stm32f10x_rcc.o(.text)
    RCC_ITConfig                             0x08001047   Thumb Code    26  stm32f10x_rcc.o(.text)
    RCC_USBCLKConfig                         0x08001061   Thumb Code     6  stm32f10x_rcc.o(.text)
    RCC_ADCCLKConfig                         0x08001067   Thumb Code    18  stm32f10x_rcc.o(.text)
    RCC_LSEConfig                            0x08001079   Thumb Code    44  stm32f10x_rcc.o(.text)
    RCC_LSICmd                               0x080010a5   Thumb Code     6  stm32f10x_rcc.o(.text)
    RCC_RTCCLKConfig                         0x080010ab   Thumb Code    12  stm32f10x_rcc.o(.text)
    RCC_RTCCLKCmd                            0x080010b7   Thumb Code     8  stm32f10x_rcc.o(.text)
    RCC_GetClocksFreq                        0x080010bf   Thumb Code   192  stm32f10x_rcc.o(.text)
    RCC_AHBPeriphClockCmd                    0x0800117f   Thumb Code    26  stm32f10x_rcc.o(.text)
    RCC_APB2PeriphClockCmd                   0x08001199   Thumb Code    26  stm32f10x_rcc.o(.text)
    RCC_APB1PeriphClockCmd                   0x080011b3   Thumb Code    26  stm32f10x_rcc.o(.text)
    RCC_APB2PeriphResetCmd                   0x080011cd   Thumb Code    26  stm32f10x_rcc.o(.text)
    RCC_APB1PeriphResetCmd                   0x080011e7   Thumb Code    26  stm32f10x_rcc.o(.text)
    RCC_BackupResetCmd                       0x08001201   Thumb Code     8  stm32f10x_rcc.o(.text)
    RCC_ClockSecuritySystemCmd               0x08001209   Thumb Code     6  stm32f10x_rcc.o(.text)
    RCC_MCOConfig                            0x0800120f   Thumb Code     6  stm32f10x_rcc.o(.text)
    RCC_ClearFlag                            0x08001215   Thumb Code    14  stm32f10x_rcc.o(.text)
    RCC_GetITStatus                          0x08001223   Thumb Code    20  stm32f10x_rcc.o(.text)
    RCC_ClearITPendingBit                    0x08001237   Thumb Code     6  stm32f10x_rcc.o(.text)
    USART_DeInit                             0x08001269   Thumb Code   134  stm32f10x_usart.o(.text)
    USART_Init                               0x080012ef   Thumb Code   210  stm32f10x_usart.o(.text)
    USART_StructInit                         0x080013c1   Thumb Code    24  stm32f10x_usart.o(.text)
    USART_ClockInit                          0x080013d9   Thumb Code    34  stm32f10x_usart.o(.text)
    USART_ClockStructInit                    0x080013fb   Thumb Code    12  stm32f10x_usart.o(.text)
    USART_Cmd                                0x08001407   Thumb Code    24  stm32f10x_usart.o(.text)
    USART_ITConfig                           0x0800141f   Thumb Code    74  stm32f10x_usart.o(.text)
    USART_DMACmd                             0x08001469   Thumb Code    18  stm32f10x_usart.o(.text)
    USART_SetAddress                         0x0800147b   Thumb Code    18  stm32f10x_usart.o(.text)
    USART_WakeUpConfig                       0x0800148d   Thumb Code    18  stm32f10x_usart.o(.text)
    USART_ReceiverWakeUpCmd                  0x0800149f   Thumb Code    24  stm32f10x_usart.o(.text)
    USART_LINBreakDetectLengthConfig         0x080014b7   Thumb Code    18  stm32f10x_usart.o(.text)
    USART_LINCmd                             0x080014c9   Thumb Code    24  stm32f10x_usart.o(.text)
    USART_SendData                           0x080014e1   Thumb Code     8  stm32f10x_usart.o(.text)
    USART_ReceiveData                        0x080014e9   Thumb Code    10  stm32f10x_usart.o(.text)
    USART_SendBreak                          0x080014f3   Thumb Code    10  stm32f10x_usart.o(.text)
    USART_SetGuardTime                       0x080014fd   Thumb Code    16  stm32f10x_usart.o(.text)
    USART_SetPrescaler                       0x0800150d   Thumb Code    16  stm32f10x_usart.o(.text)
    USART_SmartCardCmd                       0x0800151d   Thumb Code    24  stm32f10x_usart.o(.text)
    USART_SmartCardNACKCmd                   0x08001535   Thumb Code    24  stm32f10x_usart.o(.text)
    USART_HalfDuplexCmd                      0x0800154d   Thumb Code    24  stm32f10x_usart.o(.text)
    USART_OverSampling8Cmd                   0x08001565   Thumb Code    22  stm32f10x_usart.o(.text)
    USART_OneBitMethodCmd                    0x0800157b   Thumb Code    24  stm32f10x_usart.o(.text)
    USART_IrDAConfig                         0x08001593   Thumb Code    18  stm32f10x_usart.o(.text)
    USART_IrDACmd                            0x080015a5   Thumb Code    24  stm32f10x_usart.o(.text)
    USART_GetFlagStatus                      0x080015bd   Thumb Code    26  stm32f10x_usart.o(.text)
    USART_ClearFlag                          0x080015d7   Thumb Code    18  stm32f10x_usart.o(.text)
    USART_GetITStatus                        0x080015e9   Thumb Code    84  stm32f10x_usart.o(.text)
    USART_ClearITPendingBit                  0x0800163d   Thumb Code    52  stm32f10x_usart.o(.text)
    TIM_DeInit                               0x08001671   Thumb Code   424  stm32f10x_tim.o(.text)
    TIM_TimeBaseInit                         0x08001819   Thumb Code   122  stm32f10x_tim.o(.text)
    TIM_OC1Init                              0x08001893   Thumb Code   132  stm32f10x_tim.o(.text)
    TIM_OC2Init                              0x08001917   Thumb Code   154  stm32f10x_tim.o(.text)
    TIM_OC3Init                              0x080019b1   Thumb Code   150  stm32f10x_tim.o(.text)
    TIM_OC4Init                              0x08001a47   Thumb Code   182  stm32f10x_tim.o(.text)
    TIM_SetIC4Prescaler                      0x08001afd   Thumb Code    26  stm32f10x_tim.o(.text)
    TIM_SetIC3Prescaler                      0x08001b99   Thumb Code    18  stm32f10x_tim.o(.text)
    TIM_SetIC2Prescaler                      0x08001c25   Thumb Code    26  stm32f10x_tim.o(.text)
    TIM_SetIC1Prescaler                      0x08001cc1   Thumb Code    18  stm32f10x_tim.o(.text)
    TIM_ICInit                               0x08001d3f   Thumb Code   150  stm32f10x_tim.o(.text)
    TIM_PWMIConfig                           0x08001dd5   Thumb Code   124  stm32f10x_tim.o(.text)
    TIM_BDTRConfig                           0x08001e51   Thumb Code    32  stm32f10x_tim.o(.text)
    TIM_TimeBaseStructInit                   0x08001e71   Thumb Code    18  stm32f10x_tim.o(.text)
    TIM_OCStructInit                         0x08001e83   Thumb Code    20  stm32f10x_tim.o(.text)
    TIM_ICStructInit                         0x08001e97   Thumb Code    18  stm32f10x_tim.o(.text)
    TIM_BDTRStructInit                       0x08001ea9   Thumb Code    40  stm32f10x_tim.o(.text)
    TIM_Cmd                                  0x08001ed1   Thumb Code    24  stm32f10x_tim.o(.text)
    TIM_CtrlPWMOutputs                       0x08001ee9   Thumb Code    30  stm32f10x_tim.o(.text)
    TIM_ITConfig                             0x08001f07   Thumb Code    18  stm32f10x_tim.o(.text)
    TIM_GenerateEvent                        0x08001f19   Thumb Code     4  stm32f10x_tim.o(.text)
    TIM_DMAConfig                            0x08001f1d   Thumb Code    10  stm32f10x_tim.o(.text)
    TIM_DMACmd                               0x08001f27   Thumb Code    18  stm32f10x_tim.o(.text)
    TIM_InternalClockConfig                  0x08001f39   Thumb Code    12  stm32f10x_tim.o(.text)
    TIM_SelectInputTrigger                   0x08001f45   Thumb Code    18  stm32f10x_tim.o(.text)
    TIM_ITRxExternalClockConfig              0x08001f57   Thumb Code    24  stm32f10x_tim.o(.text)
    TIM_TIxExternalClockConfig               0x08001f6f   Thumb Code    62  stm32f10x_tim.o(.text)
    TIM_ETRConfig                            0x08001fad   Thumb Code    28  stm32f10x_tim.o(.text)
    TIM_ETRClockMode1Config                  0x08001fc9   Thumb Code    54  stm32f10x_tim.o(.text)
    TIM_ETRClockMode2Config                  0x08001fff   Thumb Code    32  stm32f10x_tim.o(.text)
    TIM_PrescalerConfig                      0x0800201f   Thumb Code     6  stm32f10x_tim.o(.text)
    TIM_CounterModeConfig                    0x08002025   Thumb Code    18  stm32f10x_tim.o(.text)
    TIM_EncoderInterfaceConfig               0x08002037   Thumb Code    66  stm32f10x_tim.o(.text)
    TIM_ForcedOC1Config                      0x08002079   Thumb Code    18  stm32f10x_tim.o(.text)
    TIM_ForcedOC2Config                      0x0800208b   Thumb Code    26  stm32f10x_tim.o(.text)
    TIM_ForcedOC3Config                      0x080020a5   Thumb Code    18  stm32f10x_tim.o(.text)
    TIM_ForcedOC4Config                      0x080020b7   Thumb Code    26  stm32f10x_tim.o(.text)
    TIM_ARRPreloadConfig                     0x080020d1   Thumb Code    24  stm32f10x_tim.o(.text)
    TIM_SelectCOM                            0x080020e9   Thumb Code    24  stm32f10x_tim.o(.text)
    TIM_SelectCCDMA                          0x08002101   Thumb Code    24  stm32f10x_tim.o(.text)
    TIM_CCPreloadControl                     0x08002119   Thumb Code    24  stm32f10x_tim.o(.text)
    TIM_OC1PreloadConfig                     0x08002131   Thumb Code    18  stm32f10x_tim.o(.text)
    TIM_OC2PreloadConfig                     0x08002143   Thumb Code    26  stm32f10x_tim.o(.text)
    TIM_OC3PreloadConfig                     0x0800215d   Thumb Code    18  stm32f10x_tim.o(.text)
    TIM_OC4PreloadConfig                     0x0800216f   Thumb Code    26  stm32f10x_tim.o(.text)
    TIM_OC1FastConfig                        0x08002189   Thumb Code    18  stm32f10x_tim.o(.text)
    TIM_OC2FastConfig                        0x0800219b   Thumb Code    26  stm32f10x_tim.o(.text)
    TIM_OC3FastConfig                        0x080021b5   Thumb Code    18  stm32f10x_tim.o(.text)
    TIM_OC4FastConfig                        0x080021c7   Thumb Code    26  stm32f10x_tim.o(.text)
    TIM_ClearOC1Ref                          0x080021e1   Thumb Code    18  stm32f10x_tim.o(.text)
    TIM_ClearOC2Ref                          0x080021f3   Thumb Code    24  stm32f10x_tim.o(.text)
    TIM_ClearOC3Ref                          0x0800220b   Thumb Code    18  stm32f10x_tim.o(.text)
    TIM_ClearOC4Ref                          0x0800221d   Thumb Code    24  stm32f10x_tim.o(.text)
    TIM_OC1PolarityConfig                    0x08002235   Thumb Code    18  stm32f10x_tim.o(.text)
    TIM_OC1NPolarityConfig                   0x08002247   Thumb Code    18  stm32f10x_tim.o(.text)
    TIM_OC2PolarityConfig                    0x08002259   Thumb Code    26  stm32f10x_tim.o(.text)
    TIM_OC2NPolarityConfig                   0x08002273   Thumb Code    26  stm32f10x_tim.o(.text)
    TIM_OC3PolarityConfig                    0x0800228d   Thumb Code    26  stm32f10x_tim.o(.text)
    TIM_OC3NPolarityConfig                   0x080022a7   Thumb Code    26  stm32f10x_tim.o(.text)
    TIM_OC4PolarityConfig                    0x080022c1   Thumb Code    26  stm32f10x_tim.o(.text)
    TIM_CCxCmd                               0x080022db   Thumb Code    30  stm32f10x_tim.o(.text)
    TIM_CCxNCmd                              0x080022f9   Thumb Code    30  stm32f10x_tim.o(.text)
    TIM_SelectOCxM                           0x08002317   Thumb Code    82  stm32f10x_tim.o(.text)
    TIM_UpdateDisableConfig                  0x08002369   Thumb Code    24  stm32f10x_tim.o(.text)
    TIM_UpdateRequestConfig                  0x08002381   Thumb Code    24  stm32f10x_tim.o(.text)
    TIM_SelectHallSensor                     0x08002399   Thumb Code    24  stm32f10x_tim.o(.text)
    TIM_SelectOnePulseMode                   0x080023b1   Thumb Code    18  stm32f10x_tim.o(.text)
    TIM_SelectOutputTrigger                  0x080023c3   Thumb Code    18  stm32f10x_tim.o(.text)
    TIM_SelectSlaveMode                      0x080023d5   Thumb Code    18  stm32f10x_tim.o(.text)
    TIM_SelectMasterSlaveMode                0x080023e7   Thumb Code    18  stm32f10x_tim.o(.text)
    TIM_SetCounter                           0x080023f9   Thumb Code     4  stm32f10x_tim.o(.text)
    TIM_SetAutoreload                        0x080023fd   Thumb Code     4  stm32f10x_tim.o(.text)
    TIM_SetCompare1                          0x08002401   Thumb Code     4  stm32f10x_tim.o(.text)
    TIM_SetCompare2                          0x08002405   Thumb Code     4  stm32f10x_tim.o(.text)
    TIM_SetCompare3                          0x08002409   Thumb Code     4  stm32f10x_tim.o(.text)
    TIM_SetCompare4                          0x0800240d   Thumb Code     6  stm32f10x_tim.o(.text)
    TIM_SetClockDivision                     0x08002413   Thumb Code    18  stm32f10x_tim.o(.text)
    TIM_GetCapture1                          0x08002425   Thumb Code     6  stm32f10x_tim.o(.text)
    TIM_GetCapture2                          0x0800242b   Thumb Code     6  stm32f10x_tim.o(.text)
    TIM_GetCapture3                          0x08002431   Thumb Code     6  stm32f10x_tim.o(.text)
    TIM_GetCapture4                          0x08002437   Thumb Code     8  stm32f10x_tim.o(.text)
    TIM_GetCounter                           0x0800243f   Thumb Code     6  stm32f10x_tim.o(.text)
    TIM_GetPrescaler                         0x08002445   Thumb Code     6  stm32f10x_tim.o(.text)
    TIM_GetFlagStatus                        0x0800244b   Thumb Code    18  stm32f10x_tim.o(.text)
    TIM_ClearFlag                            0x0800245d   Thumb Code     6  stm32f10x_tim.o(.text)
    TIM_GetITStatus                          0x08002463   Thumb Code    34  stm32f10x_tim.o(.text)
    TIM_ClearITPendingBit                    0x08002485   Thumb Code     6  stm32f10x_tim.o(.text)
    NVIC_PriorityGroupConfig                 0x0800248d   Thumb Code    10  misc.o(.text)
    NVIC_Init                                0x08002497   Thumb Code   102  misc.o(.text)
    NVIC_SetVectorTable                      0x080024fd   Thumb Code    14  misc.o(.text)
    NVIC_SystemLPConfig                      0x0800250b   Thumb Code    34  misc.o(.text)
    SysTick_CLKSourceConfig                  0x0800252d   Thumb Code    40  misc.o(.text)
    pvPortMalloc                             0x08002593   Thumb Code   166  heap_2.o(.text)
    vPortFree                                0x08002639   Thumb Code    56  heap_2.o(.text)
    xPortGetFreeHeapSize                     0x08002671   Thumb Code     6  heap_2.o(.text)
    vPortInitialiseBlocks                    0x08002677   Thumb Code     2  heap_2.o(.text)
    vListInitialise                          0x0800268d   Thumb Code    26  list.o(.text)
    vListInitialiseItem                      0x080026a7   Thumb Code     6  list.o(.text)
    vListInsertEnd                           0x080026ad   Thumb Code    24  list.o(.text)
    vListInsert                              0x080026c5   Thumb Code    52  list.o(.text)
    uxListRemove                             0x080026f9   Thumb Code    40  list.o(.text)
    pxPortInitialiseStack                    0x08002729   Thumb Code    26  port.o(.text)
    vPortSetupTimerInterrupt                 0x08002743   Thumb Code    14  port.o(.text)
    xPortStartScheduler                      0x08002751   Thumb Code    42  port.o(.text)
    vPortEndScheduler                        0x0800277b   Thumb Code     2  port.o(.text)
    vPortYield                               0x0800277d   Thumb Code    20  port.o(.text)
    vPortEnterCritical                       0x08002791   Thumb Code    26  port.o(.text)
    vPortExitCritical                        0x080027ab   Thumb Code    26  port.o(.text)
    xPortSysTickHandler                      0x080027c5   Thumb Code    30  port.o(.text)
    xQueueGenericReset                       0x080027f5   Thumb Code   110  queue.o(.text)
    xQueueGenericCreate                      0x08002863   Thumb Code    70  queue.o(.text)
    xQueueCreateCountingSemaphore            0x080028a9   Thumb Code    26  queue.o(.text)
    xQueueGenericSend                        0x080029cd   Thumb Code   230  queue.o(.text)
    xQueueGenericSendFromISR                 0x08002ab3   Thumb Code   106  queue.o(.text)
    xQueueGiveFromISR                        0x08002b1d   Thumb Code    90  queue.o(.text)
    xQueueGenericReceive                     0x08002bbb   Thumb Code   250  queue.o(.text)
    xQueueReceiveFromISR                     0x08002cb5   Thumb Code    96  queue.o(.text)
    xQueuePeekFromISR                        0x08002d15   Thumb Code    50  queue.o(.text)
    uxQueueMessagesWaiting                   0x08002d47   Thumb Code    18  queue.o(.text)
    uxQueueSpacesAvailable                   0x08002d59   Thumb Code    24  queue.o(.text)
    uxQueueMessagesWaitingFromISR            0x08002d71   Thumb Code     6  queue.o(.text)
    vQueueDelete                             0x08002d77   Thumb Code    14  queue.o(.text)
    xQueueIsQueueEmptyFromISR                0x08002d85   Thumb Code    14  queue.o(.text)
    xQueueIsQueueFullFromISR                 0x08002d93   Thumb Code    18  queue.o(.text)
    xTaskGenericCreate                       0x08002e7d   Thumb Code   226  tasks.o(.text)
    vTaskDelete                              0x08002f89   Thumb Code   138  tasks.o(.text)
    xTaskIncrementTick                       0x08003013   Thumb Code   242  tasks.o(.text)
    xTaskResumeAll                           0x08003105   Thumb Code   268  tasks.o(.text)
    vTaskSuspendAll                          0x0800324f   Thumb Code    12  tasks.o(.text)
    vTaskDelayUntil                          0x0800325b   Thumb Code   126  tasks.o(.text)
    vTaskDelay                               0x080032d9   Thumb Code    72  tasks.o(.text)
    uxTaskPriorityGet                        0x08003321   Thumb Code    30  tasks.o(.text)
    uxTaskPriorityGetFromISR                 0x0800333f   Thumb Code    38  tasks.o(.text)
    vTaskPrioritySet                         0x08003365   Thumb Code   204  tasks.o(.text)
    vTaskSwitchContext                       0x08003431   Thumb Code    76  tasks.o(.text)
    vTaskSuspend                             0x0800347d   Thumb Code   150  tasks.o(.text)
    vTaskResume                              0x0800354b   Thumb Code    94  tasks.o(.text)
    xTaskResumeFromISR                       0x080035a9   Thumb Code   172  tasks.o(.text)
    vTaskStartScheduler                      0x080036d1   Thumb Code    58  tasks.o(.text)
    vTaskEndScheduler                        0x0800370b   Thumb Code    18  tasks.o(.text)
    xTaskGetTickCount                        0x0800371d   Thumb Code     6  tasks.o(.text)
    xTaskGetTickCountFromISR                 0x08003723   Thumb Code     8  tasks.o(.text)
    uxTaskGetNumberOfTasks                   0x0800372b   Thumb Code     6  tasks.o(.text)
    vTaskPlaceOnEventList                    0x08003731   Thumb Code    84  tasks.o(.text)
    vTaskPlaceOnUnorderedEventList           0x08003785   Thumb Code   100  tasks.o(.text)
    xTaskRemoveFromEventList                 0x080037e9   Thumb Code   104  tasks.o(.text)
    xTaskRemoveFromUnorderedEventList        0x08003851   Thumb Code    94  tasks.o(.text)
    vTaskSetTimeOutState                     0x080038af   Thumb Code    14  tasks.o(.text)
    xTaskCheckForTimeOut                     0x080038bd   Thumb Code    84  tasks.o(.text)
    vTaskMissedYield                         0x08003911   Thumb Code     8  tasks.o(.text)
    uxTaskResetEventItemValue                0x08003919   Thumb Code    24  tasks.o(.text)
    ulTaskNotifyTake                         0x08003931   Thumb Code   162  tasks.o(.text)
    xTaskNotifyWait                          0x080039d3   Thumb Code   270  tasks.o(.text)
    xTaskGenericNotify                       0x08003ae1   Thumb Code   166  tasks.o(.text)
    xTaskGenericNotifyFromISR                0x08003b87   Thumb Code   200  tasks.o(.text)
    vTaskNotifyGiveFromISR                   0x08003c4f   Thumb Code   124  tasks.o(.text)
    __use_no_semihosting                     0x08003ce9   Thumb Code     2  use_no_semi_2.o(.text)
    __2printf                                0x08003ced   Thumb Code    20  noretval__2printf.o(.text)
    _printf_str                              0x08003d05   Thumb Code    82  _printf_str.o(.text)
    _printf_int_dec                          0x08003d59   Thumb Code   102  _printf_dec.o(.text)
    __printf                                 0x08003dd1   Thumb Code   184  __printf_ss.o(.text)
    __aeabi_memcpy                           0x08003e89   Thumb Code     0  rt_memcpy_v6.o(.text)
    __rt_memcpy                              0x08003e89   Thumb Code   138  rt_memcpy_v6.o(.text)
    _memcpy_lastbytes                        0x08003eef   Thumb Code     0  rt_memcpy_v6.o(.text)
    __use_two_region_memory                  0x08003f13   Thumb Code     2  heapauxi.o(.text)
    __rt_heap_escrow$2region                 0x08003f15   Thumb Code     2  heapauxi.o(.text)
    __rt_heap_expand$2region                 0x08003f17   Thumb Code     2  heapauxi.o(.text)
    __I$use$semihosting                      0x08003f19   Thumb Code     0  use_no_semi.o(.text)
    __use_no_semihosting_swi                 0x08003f19   Thumb Code     2  use_no_semi.o(.text)
    _printf_int_common                       0x08003f1b   Thumb Code   184  _printf_intcommon.o(.text)
    _printf_cs_common                        0x08003fd3   Thumb Code    20  _printf_char.o(.text)
    _printf_char                             0x08003fe7   Thumb Code    16  _printf_char.o(.text)
    _printf_string                           0x08003ff7   Thumb Code     8  _printf_char.o(.text)
    _printf_char_file                        0x08004001   Thumb Code    32  _printf_char_file.o(.text)
    __aeabi_memcpy4                          0x08004025   Thumb Code     0  rt_memcpy_w.o(.text)
    __aeabi_memcpy8                          0x08004025   Thumb Code     0  rt_memcpy_w.o(.text)
    __rt_memcpy_w                            0x08004025   Thumb Code   100  rt_memcpy_w.o(.text)
    _memcpy_lastbytes_aligned                0x0800406d   Thumb Code     0  rt_memcpy_w.o(.text)
    _printf_char_common                      0x08004093   Thumb Code    32  _printf_char_common.o(.text)
    ferror                                   0x080040b9   Thumb Code     8  ferror.o(.text)
    __user_setup_stackheap                   0x080040c1   Thumb Code    74  sys_stackheap_outer.o(.text)
    exit                                     0x0800410b   Thumb Code    12  exit.o(.text)
    __user_libspace                          0x08004119   Thumb Code     8  libspace.o(.text)
    __user_perproc_libspace                  0x08004119   Thumb Code     0  libspace.o(.text)
    __user_perthread_libspace                0x08004119   Thumb Code     0  libspace.o(.text)
    Region$$Table$$Base                      0x08004164   Number         0  anon$$obj.o(Region$$Table)
    Region$$Table$$Limit                     0x08004184   Number         0  anon$$obj.o(Region$$Table)
    xIntegerQueue                            0x20000018   Data           4  main.o(.data)
    xStringQueue                             0x2000001c   Data           4  main.o(.data)
    SystemCoreClock                          0x20000020   Data           4  system_stm32f10x.o(.data)
    AHBPrescTable                            0x20000024   Data          16  system_stm32f10x.o(.data)
    keybuff                                  0x20000034   Data           4  key.o(.data)
    key_indexW                               0x20000038   Data           1  key.o(.data)
    key_indexR                               0x20000039   Data           1  key.o(.data)
    length                                   0x2000003a   Data           1  key.o(.data)
    keyState                                 0x20000044   Data           1  key.o(.data)
    USART_RX_STA                             0x20000048   Data           2  usart.o(.data)
    __stdout                                 0x2000004c   Data           4  usart.o(.data)
    pxCurrentTCB                             0x20000080   Data           4  tasks.o(.data)
    USART_RX_BUF                             0x200000b8   Data         200  usart.o(.bss)
    __libspace_start                         0x20004648   Data          96  libspace.o(.bss)
    __temporary_stack_top$libspace           0x200046a8   Data           0  libspace.o(.bss)



==============================================================================

Memory Map of the image

  Image Entry point : 0x08000131

  Load Region LR_IROM1 (Base: 0x08000000, Size: 0x0000423c, Max: 0x00040000, ABSOLUTE)

    Execution Region ER_IROM1 (Base: 0x08000000, Size: 0x00004184, Max: 0x00040000, ABSOLUTE)

    Base Addr    Size         Type   Attr      Idx    E Section Name        Object

    0x08000000   0x00000130   Data   RO          286    RESET               startup_stm32f10x_hd.o
    0x08000130   0x00000008   Code   RO          521  * !!!main             c_w.l(__main.o)
    0x08000138   0x00000034   Code   RO          690    !!!scatter          c_w.l(__scatter.o)
    0x0800016c   0x0000001a   Code   RO          692    !!handler_copy      c_w.l(__scatter_copy.o)
    0x08000186   0x00000002   PAD
    0x08000188   0x0000001c   Code   RO          694    !!handler_zi        c_w.l(__scatter_zi.o)
    0x080001a4   0x00000000   Code   RO          516    .ARM.Collect$$_printf_percent$$00000000  c_w.l(_printf_percent.o)
    0x080001a4   0x00000006   Code   RO          515    .ARM.Collect$$_printf_percent$$00000009  c_w.l(_printf_d.o)
    0x080001aa   0x00000006   Code   RO          514    .ARM.Collect$$_printf_percent$$00000014  c_w.l(_printf_s.o)
    0x080001b0   0x00000004   Code   RO          532    .ARM.Collect$$_printf_percent$$00000017  c_w.l(_printf_percent_end.o)
    0x080001b4   0x00000002   Code   RO          567    .ARM.Collect$$libinit$$00000000  c_w.l(libinit.o)
    0x080001b6   0x00000000   Code   RO          574    .ARM.Collect$$libinit$$00000002  c_w.l(libinit2.o)
    0x080001b6   0x00000000   Code   RO          577    .ARM.Collect$$libinit$$00000008  c_w.l(libinit2.o)
    0x080001b6   0x00000000   Code   RO          579    .ARM.Collect$$libinit$$0000000A  c_w.l(libinit2.o)
    0x080001b6   0x00000000   Code   RO          581    .ARM.Collect$$libinit$$0000000C  c_w.l(libinit2.o)
    0x080001b6   0x00000000   Code   RO          584    .ARM.Collect$$libinit$$0000000F  c_w.l(libinit2.o)
    0x080001b6   0x00000000   Code   RO          586    .ARM.Collect$$libinit$$00000011  c_w.l(libinit2.o)
    0x080001b6   0x00000000   Code   RO          588    .ARM.Collect$$libinit$$00000013  c_w.l(libinit2.o)
    0x080001b6   0x00000000   Code   RO          590    .ARM.Collect$$libinit$$00000015  c_w.l(libinit2.o)
    0x080001b6   0x00000000   Code   RO          592    .ARM.Collect$$libinit$$00000017  c_w.l(libinit2.o)
    0x080001b6   0x00000000   Code   RO          594    .ARM.Collect$$libinit$$00000019  c_w.l(libinit2.o)
    0x080001b6   0x00000000   Code   RO          596    .ARM.Collect$$libinit$$0000001B  c_w.l(libinit2.o)
    0x080001b6   0x00000000   Code   RO          598    .ARM.Collect$$libinit$$0000001D  c_w.l(libinit2.o)
    0x080001b6   0x00000000   Code   RO          600    .ARM.Collect$$libinit$$0000001F  c_w.l(libinit2.o)
    0x080001b6   0x00000000   Code   RO          602    .ARM.Collect$$libinit$$00000021  c_w.l(libinit2.o)
    0x080001b6   0x00000000   Code   RO          604    .ARM.Collect$$libinit$$00000023  c_w.l(libinit2.o)
    0x080001b6   0x00000000   Code   RO          608    .ARM.Collect$$libinit$$0000002A  c_w.l(libinit2.o)
    0x080001b6   0x00000000   Code   RO          610    .ARM.Collect$$libinit$$0000002C  c_w.l(libinit2.o)
    0x080001b6   0x00000000   Code   RO          612    .ARM.Collect$$libinit$$0000002E  c_w.l(libinit2.o)
    0x080001b6   0x00000000   Code   RO          614    .ARM.Collect$$libinit$$00000030  c_w.l(libinit2.o)
    0x080001b6   0x00000002   Code   RO          615    .ARM.Collect$$libinit$$00000031  c_w.l(libinit2.o)
    0x080001b8   0x00000002   Code   RO          633    .ARM.Collect$$libshutdown$$00000000  c_w.l(libshutdown.o)
    0x080001ba   0x00000000   Code   RO          644    .ARM.Collect$$libshutdown$$00000003  c_w.l(libshutdown2.o)
    0x080001ba   0x00000000   Code   RO          647    .ARM.Collect$$libshutdown$$00000006  c_w.l(libshutdown2.o)
    0x080001ba   0x00000000   Code   RO          650    .ARM.Collect$$libshutdown$$00000009  c_w.l(libshutdown2.o)
    0x080001ba   0x00000000   Code   RO          652    .ARM.Collect$$libshutdown$$0000000B  c_w.l(libshutdown2.o)
    0x080001ba   0x00000000   Code   RO          655    .ARM.Collect$$libshutdown$$0000000E  c_w.l(libshutdown2.o)
    0x080001ba   0x00000002   Code   RO          656    .ARM.Collect$$libshutdown$$0000000F  c_w.l(libshutdown2.o)
    0x080001bc   0x00000000   Code   RO          525    .ARM.Collect$$rtentry$$00000000  c_w.l(rtentry.o)
    0x080001bc   0x00000000   Code   RO          536    .ARM.Collect$$rtentry$$00000002  c_w.l(rtentry2.o)
    0x080001bc   0x00000006   Code   RO          548    .ARM.Collect$$rtentry$$00000004  c_w.l(rtentry4.o)
    0x080001c2   0x00000000   Code   RO          538    .ARM.Collect$$rtentry$$00000009  c_w.l(rtentry2.o)
    0x080001c2   0x00000004   Code   RO          539    .ARM.Collect$$rtentry$$0000000A  c_w.l(rtentry2.o)
    0x080001c6   0x00000000   Code   RO          541    .ARM.Collect$$rtentry$$0000000C  c_w.l(rtentry2.o)
    0x080001c6   0x00000008   Code   RO          542    .ARM.Collect$$rtentry$$0000000D  c_w.l(rtentry2.o)
    0x080001ce   0x00000002   Code   RO          571    .ARM.Collect$$rtexit$$00000000  c_w.l(rtexit.o)
    0x080001d0   0x00000000   Code   RO          617    .ARM.Collect$$rtexit$$00000002  c_w.l(rtexit2.o)
    0x080001d0   0x00000004   Code   RO          618    .ARM.Collect$$rtexit$$00000003  c_w.l(rtexit2.o)
    0x080001d4   0x00000006   Code   RO          619    .ARM.Collect$$rtexit$$00000004  c_w.l(rtexit2.o)
    0x080001da   0x00000002   PAD
    0x080001dc   0x000000a2   Code   RO          419    .emb_text           port.o
    0x0800027e   0x00000002   PAD
    0x08000280   0x000002dc   Code   RO            1    .text               main.o
    0x0800055c   0x0000001a   Code   RO          116    .text               stm32f10x_it.o
    0x08000576   0x00000002   PAD
    0x08000578   0x000001dc   Code   RO          151    .text               system_stm32f10x.o
    0x08000754   0x00000050   Code   RO          169    .text               led.o
    0x080007a4   0x000001b8   Code   RO          181    .text               key.o
    0x0800095c   0x00000080   Code   RO          196    .text               timer.o
    0x080009dc   0x0000000c   Code   RO          238    .text               sys.o
    0x080009e8   0x00000144   Code   RO          250    .text               usart.o
    0x08000b2c   0x00000040   Code   RO          287    .text               startup_stm32f10x_hd.o
    0x08000b6c   0x00000358   Code   RO          291    .text               stm32f10x_gpio.o
    0x08000ec4   0x000003a4   Code   RO          303    .text               stm32f10x_rcc.o
    0x08001268   0x00000408   Code   RO          317    .text               stm32f10x_usart.o
    0x08001670   0x00000e1a   Code   RO          329    .text               stm32f10x_tim.o
    0x0800248a   0x00000002   PAD
    0x0800248c   0x000000dc   Code   RO          353    .text               misc.o
    0x08002568   0x00000124   Code   RO          383    .text               heap_2.o
    0x0800268c   0x00000094   Code   RO          407    .text               list.o
    0x08002720   0x000000d4   Code   RO          420    .text               port.o
    0x080027f4   0x000005b0   Code   RO          437    .text               queue.o
    0x08002da4   0x00000f44   Code   RO          452    .text               tasks.o
    0x08003ce8   0x00000002   Code   RO          482    .text               c_w.l(use_no_semi_2.o)
    0x08003cea   0x00000002   PAD
    0x08003cec   0x00000018   Code   RO          486    .text               c_w.l(noretval__2printf.o)
    0x08003d04   0x00000052   Code   RO          490    .text               c_w.l(_printf_str.o)
    0x08003d56   0x00000002   PAD
    0x08003d58   0x00000078   Code   RO          492    .text               c_w.l(_printf_dec.o)
    0x08003dd0   0x000000b8   Code   RO          497    .text               c_w.l(__printf_ss.o)
    0x08003e88   0x0000008a   Code   RO          517    .text               c_w.l(rt_memcpy_v6.o)
    0x08003f12   0x00000006   Code   RO          519    .text               c_w.l(heapauxi.o)
    0x08003f18   0x00000002   Code   RO          523    .text               c_w.l(use_no_semi.o)
    0x08003f1a   0x000000b8   Code   RO          526    .text               c_w.l(_printf_intcommon.o)
    0x08003fd2   0x0000002c   Code   RO          528    .text               c_w.l(_printf_char.o)
    0x08003ffe   0x00000002   PAD
    0x08004000   0x00000024   Code   RO          530    .text               c_w.l(_printf_char_file.o)
    0x08004024   0x00000064   Code   RO          533    .text               c_w.l(rt_memcpy_w.o)
    0x08004088   0x00000030   Code   RO          550    .text               c_w.l(_printf_char_common.o)
    0x080040b8   0x00000008   Code   RO          552    .text               c_w.l(ferror.o)
    0x080040c0   0x0000004a   Code   RO          556    .text               c_w.l(sys_stackheap_outer.o)
    0x0800410a   0x0000000c   Code   RO          560    .text               c_w.l(exit.o)
    0x08004116   0x00000002   PAD
    0x08004118   0x00000008   Code   RO          568    .text               c_w.l(libspace.o)
    0x08004120   0x00000043   Data   RO            2    .conststring        main.o
    0x08004163   0x00000001   PAD
    0x08004164   0x00000020   Data   RO          688    Region$$Table       anon$$obj.o


    Execution Region RW_IRAM1 (Base: 0x20000000, Size: 0x00004ca8, Max: 0x0000c000, ABSOLUTE)

    Base Addr    Size         Type   Attr      Idx    E Section Name        Object

    0x20000000   0x00000020   Data   RW            3    .data               main.o
    0x20000020   0x00000014   Data   RW          152    .data               system_stm32f10x.o
    0x20000034   0x00000011   Data   RW          182    .data               key.o
    0x20000045   0x00000003   PAD
    0x20000048   0x00000008   Data   RW          252    .data               usart.o
    0x20000050   0x00000014   Data   RW          304    .data               stm32f10x_rcc.o
    0x20000064   0x00000018   Data   RW          385    .data               heap_2.o
    0x2000007c   0x00000004   Data   RW          421    .data               port.o
    0x20000080   0x00000038   Data   RW          454    .data               tasks.o
    0x200000b8   0x000000c8   Zero   RW          251    .bss                usart.o
    0x20000180   0x00004400   Zero   RW          384    .bss                heap_2.o
    0x20004580   0x000000c8   Zero   RW          453    .bss                tasks.o
    0x20004648   0x00000060   Zero   RW          569    .bss                c_w.l(libspace.o)
    0x200046a8   0x00000200   Zero   RW          285    HEAP                startup_stm32f10x_hd.o
    0x200048a8   0x00000400   Zero   RW          284    STACK               startup_stm32f10x_hd.o


==============================================================================

Image component sizes


      Code (inc. data)   RO Data    RW Data    ZI Data      Debug   Object Name

         0          0          0          0          0         32   core_cm3.o
       292         20          0         24      17408       4260   heap_2.o
       440         40          0         17          0       1842   key.o
        80          8          0          0          0        463   led.o
       148          0          0          0          0       1750   list.o
       732        218         67         32          0     267379   main.o
       220         20          0          0          0       1737   misc.o
       374         30          0          4          0       4119   port.o
      1456          0          0          0          0       8512   queue.o
        64         26        304          0       1536        764   startup_stm32f10x_hd.o
       856         40          0          0          0       5581   stm32f10x_gpio.o
        26          0          0          0          0       1146   stm32f10x_it.o
       932         44          0         20          0       8716   stm32f10x_rcc.o
      3610         88          0          0          0      22064   stm32f10x_tim.o
      1032         22          0          0          0       8304   stm32f10x_usart.o
        12          0          0          0          0        417   sys.o
       476         36          0         20          0       1643   system_stm32f10x.o
      3908        246          0         56        200      16362   tasks.o
       128         14          0          0          0      15751   timer.o
       324         16          0          8        200       3018   usart.o

    ----------------------------------------------------------------------
     15116        868        404        184      19344     373860   Object Totals
         0          0         32          0          0          0   (incl. Generated)
         6          0          1          3          0          0   (incl. Padding)

    ----------------------------------------------------------------------

      Code (inc. data)   RO Data    RW Data    ZI Data      Debug   Library Member Name

         8          0          0          0          0         68   __main.o
       184          0          0          0          0         84   __printf_ss.o
        52          8          0          0          0          0   __scatter.o
        26          0          0          0          0          0   __scatter_copy.o
        28          0          0          0          0          0   __scatter_zi.o
        44          0          0          0          0        108   _printf_char.o
        48          6          0          0          0         96   _printf_char_common.o
        36          4          0          0          0         80   _printf_char_file.o
         6          0          0          0          0          0   _printf_d.o
       120         18          0          0          0         92   _printf_dec.o
       184          0          0          0          0         88   _printf_intcommon.o
         0          0          0          0          0          0   _printf_percent.o
         4          0          0          0          0          0   _printf_percent_end.o
         6          0          0          0          0          0   _printf_s.o
        82          0          0          0          0         80   _printf_str.o
        12          0          0          0          0         72   exit.o
         8          0          0          0          0         68   ferror.o
         6          0          0          0          0        152   heapauxi.o
         2          0          0          0          0          0   libinit.o
         2          0          0          0          0          0   libinit2.o
         2          0          0          0          0          0   libshutdown.o
         2          0          0          0          0          0   libshutdown2.o
         8          4          0          0         96         68   libspace.o
        24          4          0          0          0         84   noretval__2printf.o
       138          0          0          0          0         68   rt_memcpy_v6.o
       100          0          0          0          0         80   rt_memcpy_w.o
         0          0          0          0          0          0   rtentry.o
        12          0          0          0          0          0   rtentry2.o
         6          0          0          0          0          0   rtentry4.o
         2          0          0          0          0          0   rtexit.o
        10          0          0          0          0          0   rtexit2.o
        74          0          0          0          0         80   sys_stackheap_outer.o
         2          0          0          0          0         68   use_no_semi.o
         2          0          0          0          0         68   use_no_semi_2.o

    ----------------------------------------------------------------------
      1252         44          0          0         96       1504   Library Totals
        12          0          0          0          0          0   (incl. Padding)

    ----------------------------------------------------------------------

      Code (inc. data)   RO Data    RW Data    ZI Data      Debug   Library Name

      1240         44          0          0         96       1504   c_w.l

    ----------------------------------------------------------------------
      1252         44          0          0         96       1504   Library Totals

    ----------------------------------------------------------------------

==============================================================================


      Code (inc. data)   RO Data    RW Data    ZI Data      Debug   

     16368        912        404        184      19440     372608   Grand Totals
     16368        912        404        184      19440     372608   ELF Image Totals
     16368        912        404        184          0          0   ROM Totals

==============================================================================

    Total RO  Size (Code + RO Data)                16772 (  16.38kB)
    Total RW  Size (RW Data + ZI Data)             19624 (  19.16kB)
    Total ROM Size (Code + RO Data + RW Data)      16956 (  16.56kB)

==============================================================================

