<html>
<body>
<pre>
<h1>µVision Build Log</h1>
<h2>Project:</h2>
C:\work dir\fsm_software\demo_4th\USER\LED.uvproj
Project File Date:  09/15/2015

<h2>Output:</h2>
Build target 'Target 1'
compiling lcd.c...
..\HARDWARE\LCD\lcd.c(3): error:  #5: cannot open source input file "font.h": No such file or directory
"..\OBJ\LED.axf" - 1 Errors, 0 Warning(s).
Target not created
Build target 'Target 1'
compiling lcd.c...
linking...
Program Size: Code=3744 RO-data=336 RW-data=72 ZI-data=1912  
FromELF: creating hex file...
"..\OBJ\LED.axf" - 0 Errors, 0 Warning(s).
Build target 'Target 1'
compiling main_withLCD.c...
main_withLCD.c(22): error:  #20: identifier "usmart_dev" is undefined
main_withLCD.c(76): warning:  #223-D: function "RTC_Init" declared implicitly
main_withLCD.c(76): warning:  #128-D: loop is not reachable
main_withLCD.c(88): error:  #20: identifier "calendar" is undefined
main_withLCD.c(15): warning:  #177-D: variable "state" was declared but never referenced
"..\OBJ\LED.axf" - 2 Errors, 3 Warning(s).
Target not created
Build target 'Target 1'
compiling main_withLCD.c...
main_withLCD.c(76): warning:  #223-D: function "RTC_Init" declared implicitly
main_withLCD.c(76): warning:  #128-D: loop is not reachable
main_withLCD.c(88): error:  #20: identifier "calendar" is undefined
main_withLCD.c(15): warning:  #177-D: variable "state" was declared but never referenced
"..\OBJ\LED.axf" - 1 Errors, 3 Warning(s).
Target not created
Build target 'Target 1'
compiling main_withLCD.c...
main_withLCD.c(13): warning:  #177-D: variable "t" was declared but never referenced
main_withLCD.c(15): warning:  #177-D: variable "state" was declared but never referenced
linking...
Program Size: Code=23356 RO-data=6456 RW-data=84 ZI-data=1932  
FromELF: creating hex file...
"..\OBJ\LED.axf" - 0 Errors, 2 Warning(s).
Build target 'Target 1'
compiling main_withLCD.c...
main_withLCD.c(13): warning:  #177-D: variable "t" was declared but never referenced
main_withLCD.c(15): warning:  #177-D: variable "state" was declared but never referenced
linking...
Program Size: Code=23356 RO-data=6456 RW-data=84 ZI-data=1932  
FromELF: creating hex file...
"..\OBJ\LED.axf" - 0 Errors, 2 Warning(s).
Load "..\\OBJ\\LED.axf" 
Set JLink Project File to "C:\work dir\fsm_software\demo_4th\USER\JLinkSettings.ini"
* JLink Info: Device "STM32F103RC" selected (256 KB flash, 48 KB RAM).
 
JLink info:
------------
DLL: V4.68a, compiled Apr 12 2013 13:26:50
Firmware: J-Link ARM V8 compiled Nov 25 2013 19:20:08
Hardware: V8.00
S/N : 308621590 
Feature(s) : RDI,FlashDL,FlashBP,JFlash,GDBFULL 
 
* JLink Info: Found SWD-DP with ID 0x1BA01477
* JLink Info: Found SWD-DP with ID 0x1BA01477
* JLink Info: TPIU fitted.
* JLink Info: ETM fitted.
* JLink Info: FPUnit: 6 code (BP) slots and 2 literal slots
* JLink Info: Found Cortex-M3 r1p1, Little endian.
ROMTableAddr = 0xE00FF003
 
Target info:
------------
Device: STM32F103RC
VTarget = 3.345V
State of Pins: 
TCK: 0, TDI: 1, TDO: 1, TMS: 1, TRES: 1, TRST: 1
Hardware-Breakpoints: 6
Software-Breakpoints: 8192
Watchpoints:          4
JTAG speed: 4000 kHz
 
Full Chip Erase Done.
Programming Done.
Verify OK.
Application running ...
Build target 'Target 1'
compiling main_withLCD.c...
main_withLCD.c(11): warning:  #177-D: variable "t" was declared but never referenced
main_withLCD.c(13): warning:  #177-D: variable "state" was declared but never referenced
linking...
Program Size: Code=23360 RO-data=6456 RW-data=84 ZI-data=1932  
FromELF: creating hex file...
"..\OBJ\LED.axf" - 0 Errors, 2 Warning(s).
Build target 'Target 1'
compiling main_withLCD.c...
main_withLCD.c(11): warning:  #177-D: variable "t" was declared but never referenced
main_withLCD.c(13): warning:  #177-D: variable "state" was declared but never referenced
linking...
Program Size: Code=23360 RO-data=6456 RW-data=84 ZI-data=1932  
FromELF: creating hex file...
"..\OBJ\LED.axf" - 0 Errors, 2 Warning(s).
Build target 'Target 1'
compiling main_withLCD.c...
main_withLCD.c(11): warning:  #177-D: variable "t" was declared but never referenced
main_withLCD.c(13): warning:  #177-D: variable "state" was declared but never referenced
linking...
Program Size: Code=23360 RO-data=6456 RW-data=84 ZI-data=1932  
FromELF: creating hex file...
"..\OBJ\LED.axf" - 0 Errors, 2 Warning(s).
Build target 'Target 1'
compiling main_withLCD.c...
linking...
Program Size: Code=23360 RO-data=6456 RW-data=84 ZI-data=1932  
FromELF: creating hex file...
"..\OBJ\LED.axf" - 0 Errors, 0 Warning(s).
Build target 'Target 1'
compiling main_withLCD.c...
main_withLCD.c(9): error:  #20: identifier "KEYBUFFSIZ" is undefined
main_withLCD.c(94): warning:  #177-D: variable "key" was declared but never referenced
compiling App_LongShortKey.c...
"..\OBJ\LED.axf" - 1 Errors, 1 Warning(s).
Target not created
Build target 'Target 1'
compiling main_withLCD.c...
main_withLCD.c(94): warning:  #177-D: variable "key" was declared but never referenced
linking...
..\OBJ\LED.axf: Error: L6200E: Symbol key_paraInit multiply defined (by usart.o and app_longshortkey.o).
..\OBJ\LED.axf: Error: L6200E: Symbol key_readBuff multiply defined (by usart.o and app_longshortkey.o).
..\OBJ\LED.axf: Error: L6200E: Symbol key_indexW multiply defined (by usart.o and app_longshortkey.o).
..\OBJ\LED.axf: Error: L6200E: Symbol key_indexR multiply defined (by usart.o and app_longshortkey.o).
..\OBJ\LED.axf: Error: L6200E: Symbol key_count multiply defined (by usart.o and app_longshortkey.o).
..\OBJ\LED.axf: Error: L6200E: Symbol keyBuff multiply defined (by usart.o and app_longshortkey.o).
..\OBJ\LED.axf: Error: L6200E: Symbol key_inBuff multiply defined (by usart.o and app_longshortkey.o).
"..\OBJ\LED.axf" - 7 Errors, 1 Warning(s).
Target not created
Build target 'Target 1'
compiling usart.c...
linking...
..\OBJ\LED.axf: Error: L6218E: Undefined symbol bufPara_initial (referred from main_withlcd.o).
..\OBJ\LED.axf: Error: L6218E: Undefined symbol rx_flag (referred from main_withlcd.o).
..\OBJ\LED.axf: Error: L6218E: Undefined symbol rx_process_check (referred from main_withlcd.o).
"..\OBJ\LED.axf" - 3 Errors, 0 Warning(s).
Target not created
Build target 'Target 1'
compiling main_withLCD.c...
main_withLCD.c(94): warning:  #177-D: variable "key" was declared but never referenced
linking...
..\OBJ\LED.axf: Error: L6218E: Undefined symbol rx_flag (referred from main_withlcd.o).
..\OBJ\LED.axf: Error: L6218E: Undefined symbol rx_process_check (referred from main_withlcd.o).
"..\OBJ\LED.axf" - 2 Errors, 1 Warning(s).
Target not created
Build target 'Target 1'
linking...
..\OBJ\LED.axf: Error: L6218E: Undefined symbol rx_flag (referred from main_withlcd.o).
..\OBJ\LED.axf: Error: L6218E: Undefined symbol rx_process_check (referred from main_withlcd.o).
"..\OBJ\LED.axf" - 2 Errors, 0 Warning(s).
Target not created
Build target 'Target 1'
linking...
..\OBJ\LED.axf: Error: L6218E: Undefined symbol rx_flag (referred from main_withlcd.o).
..\OBJ\LED.axf: Error: L6218E: Undefined symbol rx_process_check (referred from main_withlcd.o).
"..\OBJ\LED.axf" - 2 Errors, 0 Warning(s).
Target not created
Build target 'Target 1'
compiling main_withLCD.c...
main_withLCD.c(90): warning:  #177-D: variable "key" was declared but never referenced
linking...
Program Size: Code=4116 RO-data=336 RW-data=76 ZI-data=1636  
FromELF: creating hex file...
"..\OBJ\LED.axf" - 0 Errors, 1 Warning(s).
Load "..\\OBJ\\LED.axf" 
Set JLink Project File to "C:\work dir\fsm_software\demo_4th\USER\JLinkSettings.ini"
* JLink Info: Device "STM32F103RC" selected (256 KB flash, 48 KB RAM).
 
JLink info:
------------
DLL: V4.68a, compiled Apr 12 2013 13:26:50
Firmware: J-Link ARM V8 compiled Nov 25 2013 19:20:08
Hardware: V8.00
S/N : 308621590 
Feature(s) : RDI,FlashDL,FlashBP,JFlash,GDBFULL 
 
* JLink Info: Found SWD-DP with ID 0x1BA01477
* JLink Info: Found SWD-DP with ID 0x1BA01477
* JLink Info: TPIU fitted.
* JLink Info: ETM fitted.
* JLink Info: FPUnit: 6 code (BP) slots and 2 literal slots
* JLink Info: Found Cortex-M3 r1p1, Little endian.
ROMTableAddr = 0xE00FF003
 
Target info:
------------
Device: STM32F103RC
VTarget = 3.345V
State of Pins: 
TCK: 0, TDI: 1, TDO: 1, TMS: 1, TRES: 1, TRST: 1
Hardware-Breakpoints: 6
Software-Breakpoints: 8192
Watchpoints:          4
JTAG speed: 4000 kHz
 
Full Chip Erase Done.
Programming Done.
Verify OK.
Application running ...
Build target 'Target 1'
compiling main_withLCD.c...
main_withLCD.c(83): warning:  #177-D: variable "key" was declared but never referenced
linking...
Program Size: Code=4116 RO-data=336 RW-data=76 ZI-data=1636  
FromELF: creating hex file...
"..\OBJ\LED.axf" - 0 Errors, 1 Warning(s).
Build target 'Target 1'
compiling main_withLCD.c...
main_withLCD.c(36): error:  #28: expression must have a constant value
main_withLCD.c(36): error:  #28: expression must have a constant value
"..\OBJ\LED.axf" - 2 Errors, 0 Warning(s).
Target not created
Build target 'Target 1'
compiling main_withLCD.c...
linking...
Program Size: Code=24424 RO-data=6456 RW-data=84 ZI-data=1652  
FromELF: creating hex file...
"..\OBJ\LED.axf" - 0 Errors, 0 Warning(s).
Build target 'Target 1'
compiling main_withLCD.c...
linking...
Program Size: Code=24604 RO-data=6456 RW-data=84 ZI-data=1652  
FromELF: creating hex file...
"..\OBJ\LED.axf" - 0 Errors, 0 Warning(s).
Load "..\\OBJ\\LED.axf" 
Set JLink Project File to "C:\work dir\fsm_software\demo_4th\USER\JLinkSettings.ini"
* JLink Info: Device "STM32F103RC" selected (256 KB flash, 48 KB RAM).
 
JLink info:
------------
DLL: V4.68a, compiled Apr 12 2013 13:26:50
Firmware: J-Link ARM V8 compiled Nov 25 2013 19:20:08
Hardware: V8.00
S/N : 308621590 
Feature(s) : RDI,FlashDL,FlashBP,JFlash,GDBFULL 
 
* JLink Info: Found SWD-DP with ID 0x1BA01477
* JLink Info: Found SWD-DP with ID 0x1BA01477
* JLink Info: TPIU fitted.
* JLink Info: ETM fitted.
* JLink Info: FPUnit: 6 code (BP) slots and 2 literal slots
* JLink Info: Found Cortex-M3 r1p1, Little endian.
ROMTableAddr = 0xE00FF003
 
Target info:
------------
Device: STM32F103RC
VTarget = 3.345V
State of Pins: 
TCK: 0, TDI: 1, TDO: 1, TMS: 1, TRES: 1, TRST: 1
Hardware-Breakpoints: 6
Software-Breakpoints: 8192
Watchpoints:          4
JTAG speed: 4000 kHz
 
Full Chip Erase Done.
Programming Done.
Verify OK.
Application running ...
Build target 'Target 1'
compiling main_withLCD.c...
compiling timer.c...
..\HARDWARE\TIMER\timer.c(24): error:  #20: identifier "TIM_TimeBaseInitTypeDef" is undefined
..\HARDWARE\TIMER\timer.c(32): error:  #20: identifier "TIM_CounterMode_Up" is undefined
..\HARDWARE\TIMER\timer.c(33): warning:  #223-D: function "TIM_TimeBaseInit" declared implicitly
..\HARDWARE\TIMER\timer.c(35): warning:  #223-D: function "TIM_ITConfig" declared implicitly
..\HARDWARE\TIMER\timer.c(37): error:  #20: identifier "TIM_IT_Update" is undefined
..\HARDWARE\TIMER\timer.c(46): warning:  #223-D: function "TIM_Cmd" declared implicitly
..\HARDWARE\TIMER\timer.c(52): warning:  #223-D: function "TIM_GetITStatus" declared implicitly
..\HARDWARE\TIMER\timer.c(52): error:  #20: identifier "TIM_IT_Update" is undefined
..\HARDWARE\TIMER\timer.c(54): warning:  #223-D: function "TIM_ClearITPendingBit" declared implicitly
"..\OBJ\LED.axf" - 4 Errors, 5 Warning(s).
Target not created
Build target 'Target 1'
compiling timer.c...
..\HARDWARE\TIMER\timer.c(24): error:  #20: identifier "TIM_TimeBaseInitTypeDef" is undefined
..\HARDWARE\TIMER\timer.c(32): error:  #20: identifier "TIM_CounterMode_Up" is undefined
..\HARDWARE\TIMER\timer.c(33): warning:  #223-D: function "TIM_TimeBaseInit" declared implicitly
..\HARDWARE\TIMER\timer.c(35): warning:  #223-D: function "TIM_ITConfig" declared implicitly
..\HARDWARE\TIMER\timer.c(37): error:  #20: identifier "TIM_IT_Update" is undefined
..\HARDWARE\TIMER\timer.c(46): warning:  #223-D: function "TIM_Cmd" declared implicitly
..\HARDWARE\TIMER\timer.c(52): warning:  #223-D: function "TIM_GetITStatus" declared implicitly
..\HARDWARE\TIMER\timer.c(52): error:  #20: identifier "TIM_IT_Update" is undefined
..\HARDWARE\TIMER\timer.c(54): warning:  #223-D: function "TIM_ClearITPendingBit" declared implicitly
compiling stm32f10x_tim.c...
"..\OBJ\LED.axf" - 4 Errors, 5 Warning(s).
Target not created
Build target 'Target 1'
compiling main_withLCD.c...
compiling stm32f10x_it.c...
compiling system_stm32f10x.c...
compiling App_LongShortKey.c...
compiling led.c...
compiling key.c...
compiling lcd.c...
compiling timer.c...
compiling delay.c...
compiling sys.c...
compiling usart.c...
compiling stm32f10x_gpio.c...
compiling stm32f10x_rcc.c...
compiling stm32f10x_usart.c...
compiling misc.c...
compiling stm32f10x_tim.c...
linking...
Program Size: Code=24692 RO-data=6456 RW-data=84 ZI-data=1652  
FromELF: creating hex file...
"..\OBJ\LED.axf" - 0 Errors, 0 Warning(s).
Build target 'Target 1'
compiling main_withLCD.c...
compiling timer.c...
linking...
Program Size: Code=24912 RO-data=6456 RW-data=64 ZI-data=1648  
FromELF: creating hex file...
"..\OBJ\LED.axf" - 0 Errors, 0 Warning(s).
Build target 'Target 1'
compiling main_withLCD.c...
linking...
Program Size: Code=24888 RO-data=6456 RW-data=64 ZI-data=1648  
FromELF: creating hex file...
"..\OBJ\LED.axf" - 0 Errors, 0 Warning(s).
Build target 'Target 1'
linking...
Program Size: Code=24888 RO-data=6456 RW-data=64 ZI-data=1648  
FromELF: creating hex file...
"..\OBJ\LED.axf" - 0 Errors, 0 Warning(s).
Load "..\\OBJ\\LED.axf" 
Set JLink Project File to "C:\work dir\fsm_software\demo_4th\USER\JLinkSettings.ini"
* JLink Info: Device "STM32F103RC" selected (256 KB flash, 48 KB RAM).
 
JLink info:
------------
DLL: V4.68a, compiled Apr 12 2013 13:26:50
Firmware: J-Link ARM V8 compiled Nov 25 2013 19:20:08
Hardware: V8.00
S/N : 308621590 
Feature(s) : RDI,FlashDL,FlashBP,JFlash,GDBFULL 
 
* JLink Info: Found SWD-DP with ID 0x1BA01477
* JLink Info: Found SWD-DP with ID 0x1BA01477
* JLink Info: TPIU fitted.
* JLink Info: ETM fitted.
* JLink Info: FPUnit: 6 code (BP) slots and 2 literal slots
* JLink Info: Found Cortex-M3 r1p1, Little endian.
ROMTableAddr = 0xE00FF003
 
Target info:
------------
Device: STM32F103RC
VTarget = 3.345V
State of Pins: 
TCK: 0, TDI: 1, TDO: 1, TMS: 1, TRES: 1, TRST: 1
Hardware-Breakpoints: 6
Software-Breakpoints: 8192
Watchpoints:          4
JTAG speed: 4000 kHz
 
Full Chip Erase Done.
Programming Done.
Verify OK.
Application running ...
Build target 'Target 1'
compiling main_withLCD.c...
linking...
Program Size: Code=25000 RO-data=6456 RW-data=84 ZI-data=1652  
FromELF: creating hex file...
"..\OBJ\LED.axf" - 0 Errors, 0 Warning(s).
Load "..\\OBJ\\LED.axf" 
Set JLink Project File to "C:\work dir\fsm_software\demo_4th\USER\JLinkSettings.ini"
* JLink Info: Device "STM32F103RC" selected (256 KB flash, 48 KB RAM).
 
JLink info:
------------
DLL: V4.68a, compiled Apr 12 2013 13:26:50
Firmware: J-Link ARM V8 compiled Nov 25 2013 19:20:08
Hardware: V8.00
S/N : 308621590 
Feature(s) : RDI,FlashDL,FlashBP,JFlash,GDBFULL 
 
* JLink Info: Found SWD-DP with ID 0x1BA01477
* JLink Info: Found SWD-DP with ID 0x1BA01477
* JLink Info: TPIU fitted.
* JLink Info: ETM fitted.
* JLink Info: FPUnit: 6 code (BP) slots and 2 literal slots
* JLink Info: Found Cortex-M3 r1p1, Little endian.
ROMTableAddr = 0xE00FF003
 
Target info:
------------
Device: STM32F103RC
VTarget = 3.345V
State of Pins: 
TCK: 0, TDI: 1, TDO: 1, TMS: 1, TRES: 1, TRST: 1
Hardware-Breakpoints: 6
Software-Breakpoints: 8192
Watchpoints:          4
JTAG speed: 4000 kHz
 
Full Chip Erase Done.
Programming Done.
Verify OK.
Application running ...
Build target 'Target 1'
compiling main_withLCD.c...
linking...
Program Size: Code=25088 RO-data=6456 RW-data=84 ZI-data=1652  
FromELF: creating hex file...
"..\OBJ\LED.axf" - 0 Errors, 0 Warning(s).
Load "..\\OBJ\\LED.axf" 
Set JLink Project File to "C:\work dir\fsm_software\demo_4th\USER\JLinkSettings.ini"
* JLink Info: Device "STM32F103RC" selected (256 KB flash, 48 KB RAM).
 
JLink info:
------------
DLL: V4.68a, compiled Apr 12 2013 13:26:50
Firmware: J-Link ARM V8 compiled Nov 25 2013 19:20:08
Hardware: V8.00
S/N : 308621590 
Feature(s) : RDI,FlashDL,FlashBP,JFlash,GDBFULL 
 
* JLink Info: Found SWD-DP with ID 0x1BA01477
* JLink Info: Found SWD-DP with ID 0x1BA01477
* JLink Info: TPIU fitted.
* JLink Info: ETM fitted.
* JLink Info: FPUnit: 6 code (BP) slots and 2 literal slots
* JLink Info: Found Cortex-M3 r1p1, Little endian.
ROMTableAddr = 0xE00FF003
 
Target info:
------------
Device: STM32F103RC
VTarget = 3.345V
State of Pins: 
TCK: 0, TDI: 1, TDO: 1, TMS: 1, TRES: 1, TRST: 1
Hardware-Breakpoints: 6
Software-Breakpoints: 8192
Watchpoints:          4
JTAG speed: 4000 kHz
 
Full Chip Erase Done.
Programming Done.
Verify OK.
Application running ...
Build target 'Target 1'
compiling App_LongShortKey.c...
linking...
Program Size: Code=25088 RO-data=6456 RW-data=84 ZI-data=1652  
FromELF: creating hex file...
"..\OBJ\LED.axf" - 0 Errors, 0 Warning(s).
Load "..\\OBJ\\LED.axf" 
Set JLink Project File to "C:\work dir\fsm_software\demo_4th\USER\JLinkSettings.ini"
* JLink Info: Device "STM32F103RC" selected (256 KB flash, 48 KB RAM).
 
JLink info:
------------
DLL: V4.68a, compiled Apr 12 2013 13:26:50
Firmware: J-Link ARM V8 compiled Nov 25 2013 19:20:08
Hardware: V8.00
S/N : 308621590 
Feature(s) : RDI,FlashDL,FlashBP,JFlash,GDBFULL 
 
* JLink Info: Found SWD-DP with ID 0x1BA01477
* JLink Info: Found SWD-DP with ID 0x1BA01477
* JLink Info: TPIU fitted.
* JLink Info: ETM fitted.
* JLink Info: FPUnit: 6 code (BP) slots and 2 literal slots
* JLink Info: Found Cortex-M3 r1p1, Little endian.
ROMTableAddr = 0xE00FF003
 
Target info:
------------
Device: STM32F103RC
VTarget = 3.345V
State of Pins: 
TCK: 0, TDI: 1, TDO: 1, TMS: 1, TRES: 1, TRST: 1
Hardware-Breakpoints: 6
Software-Breakpoints: 8192
Watchpoints:          4
JTAG speed: 4000 kHz
 
Full Chip Erase Done.
Programming Done.
Verify OK.
Application running ...
Build target 'Target 1'
compiling main_withLCD.c...
linking...
Program Size: Code=25100 RO-data=6456 RW-data=84 ZI-data=1652  
FromELF: creating hex file...
"..\OBJ\LED.axf" - 0 Errors, 0 Warning(s).
Load "..\\OBJ\\LED.axf" 
Set JLink Project File to "C:\work dir\fsm_software\demo_4th\USER\JLinkSettings.ini"
* JLink Info: Device "STM32F103RC" selected (256 KB flash, 48 KB RAM).
 
JLink info:
------------
DLL: V4.68a, compiled Apr 12 2013 13:26:50
Firmware: J-Link ARM V8 compiled Nov 25 2013 19:20:08
Hardware: V8.00
S/N : 308621590 
Feature(s) : RDI,FlashDL,FlashBP,JFlash,GDBFULL 
 
* JLink Info: Found SWD-DP with ID 0x1BA01477
* JLink Info: Found SWD-DP with ID 0x1BA01477
* JLink Info: TPIU fitted.
* JLink Info: ETM fitted.
* JLink Info: FPUnit: 6 code (BP) slots and 2 literal slots
* JLink Info: Found Cortex-M3 r1p1, Little endian.
ROMTableAddr = 0xE00FF003
 
Target info:
------------
Device: STM32F103RC
VTarget = 3.345V
State of Pins: 
TCK: 0, TDI: 1, TDO: 1, TMS: 1, TRES: 1, TRST: 1
Hardware-Breakpoints: 6
Software-Breakpoints: 8192
Watchpoints:          4
JTAG speed: 4000 kHz
 
Full Chip Erase Done.
Programming Done.
Verify OK.
Application running ...
Build target 'Target 1'
compiling main_withLCD.c...
linking...
Program Size: Code=25100 RO-data=6456 RW-data=84 ZI-data=1652  
FromELF: creating hex file...
"..\OBJ\LED.axf" - 0 Errors, 0 Warning(s).
Load "..\\OBJ\\LED.axf" 
Set JLink Project File to "C:\work dir\fsm_software\demo_4th\USER\JLinkSettings.ini"
* JLink Info: Device "STM32F103RC" selected (256 KB flash, 48 KB RAM).
 
JLink info:
------------
DLL: V4.68a, compiled Apr 12 2013 13:26:50
Firmware: J-Link ARM V8 compiled Nov 25 2013 19:20:08
Hardware: V8.00
S/N : 308621590 
Feature(s) : RDI,FlashDL,FlashBP,JFlash,GDBFULL 
 
* JLink Info: Found SWD-DP with ID 0x1BA01477
* JLink Info: Found SWD-DP with ID 0x1BA01477
* JLink Info: TPIU fitted.
* JLink Info: ETM fitted.
* JLink Info: FPUnit: 6 code (BP) slots and 2 literal slots
* JLink Info: Found Cortex-M3 r1p1, Little endian.
ROMTableAddr = 0xE00FF003
 
Target info:
------------
Device: STM32F103RC
VTarget = 3.345V
State of Pins: 
TCK: 0, TDI: 1, TDO: 1, TMS: 1, TRES: 1, TRST: 1
Hardware-Breakpoints: 6
Software-Breakpoints: 8192
Watchpoints:          4
JTAG speed: 4000 kHz
 
Full Chip Erase Done.
Programming Done.
Verify OK.
Application running ...
Build target 'Target 1'
compiling main_withLCD.c...
linking...
Program Size: Code=25100 RO-data=6456 RW-data=84 ZI-data=1652  
FromELF: creating hex file...
"..\OBJ\LED.axf" - 0 Errors, 0 Warning(s).
Build target 'Target 1'
compiling main_withLCD.c...
linking...
Program Size: Code=25100 RO-data=6456 RW-data=84 ZI-data=1652  
FromELF: creating hex file...
"..\OBJ\LED.axf" - 0 Errors, 0 Warning(s).
Load "..\\OBJ\\LED.axf" 
Set JLink Project File to "C:\work dir\fsm_software\demo_4th\USER\JLinkSettings.ini"
* JLink Info: Device "STM32F103RC" selected (256 KB flash, 48 KB RAM).
 
JLink info:
------------
DLL: V4.68a, compiled Apr 12 2013 13:26:50
Firmware: J-Link ARM V8 compiled Nov 25 2013 19:20:08
Hardware: V8.00
S/N : 308621590 
Feature(s) : RDI,FlashDL,FlashBP,JFlash,GDBFULL 
 
* JLink Info: Found SWD-DP with ID 0x1BA01477
* JLink Info: Found SWD-DP with ID 0x1BA01477
* JLink Info: TPIU fitted.
* JLink Info: ETM fitted.
* JLink Info: FPUnit: 6 code (BP) slots and 2 literal slots
* JLink Info: Found Cortex-M3 r1p1, Little endian.
ROMTableAddr = 0xE00FF003
 
Target info:
------------
Device: STM32F103RC
VTarget = 3.351V
State of Pins: 
TCK: 0, TDI: 1, TDO: 1, TMS: 1, TRES: 1, TRST: 1
Hardware-Breakpoints: 6
Software-Breakpoints: 8192
Watchpoints:          4
JTAG speed: 4000 kHz
 
Full Chip Erase Done.
Programming Done.
Verify OK.
Application running ...
Build target 'Target 1'
compiling main_withLCD.c...
linking...
Program Size: Code=25124 RO-data=6456 RW-data=84 ZI-data=1652  
FromELF: creating hex file...
"..\OBJ\LED.axf" - 0 Errors, 0 Warning(s).
Load "..\\OBJ\\LED.axf" 
Set JLink Project File to "C:\work dir\fsm_software\demo_4th\USER\JLinkSettings.ini"
* JLink Info: Device "STM32F103RC" selected (256 KB flash, 48 KB RAM).
 
JLink info:
------------
DLL: V4.68a, compiled Apr 12 2013 13:26:50
Firmware: J-Link ARM V8 compiled Nov 25 2013 19:20:08
Hardware: V8.00
S/N : 308621590 
Feature(s) : RDI,FlashDL,FlashBP,JFlash,GDBFULL 
 
* JLink Info: Found SWD-DP with ID 0x1BA01477
* JLink Info: Found SWD-DP with ID 0x1BA01477
* JLink Info: TPIU fitted.
* JLink Info: ETM fitted.
* JLink Info: FPUnit: 6 code (BP) slots and 2 literal slots
* JLink Info: Found Cortex-M3 r1p1, Little endian.
ROMTableAddr = 0xE00FF003
 
Target info:
------------
Device: STM32F103RC
VTarget = 3.345V
State of Pins: 
TCK: 0, TDI: 1, TDO: 1, TMS: 1, TRES: 1, TRST: 1
Hardware-Breakpoints: 6
Software-Breakpoints: 8192
Watchpoints:          4
JTAG speed: 4000 kHz
 
Full Chip Erase Done.
Programming Done.
Verify OK.
Application running ...
