<html>
<body>
<pre>
<h1>µVision Build Log</h1>
<h2>Project:</h2>
C:\work dir\fsm_software\demo_9th_freeRTOS_SourceManagement\USER\LED.uvproj
Project File Date:  09/24/2015

<h2>Output:</h2>
Rebuild target 'Target 1'
compiling main.c...
compiling stm32f10x_it.c...
compiling system_stm32f10x.c...
compiling led.c...
compiling key.c...
compiling timer.c...
compiling exti.c...
compiling delay.c...
compiling sys.c...
compiling usart.c...
compiling core_cm3.c...
assembling startup_stm32f10x_hd.s...
compiling stm32f10x_gpio.c...
compiling stm32f10x_rcc.c...
compiling stm32f10x_usart.c...
compiling stm32f10x_tim.c...
compiling stm32f10x_exti.c...
compiling misc.c...
compiling croutine.c...
compiling heap_2.c...
compiling list.c...
compiling port.c...
compiling queue.c...
compiling tasks.c...
compiling timers.c...
linking...
Program Size: Code=16368 RO-data=404 RW-data=184 ZI-data=19440  
FromELF: creating hex file...
"..\OBJ\LED.axf" - 0 Errors, 0 Warning(s).
